[2022-06-17T03:36:35.165+0000][gc,heap] Heap region size: 1M
[2022-06-17T03:36:35.171+0000][gc     ] Using G1
[2022-06-17T03:36:35.171+0000][gc,heap,coops] Heap address: 0x00000000c0000000, size: 1024 MB, Compressed Oops mode: 32-bit
[2022-06-17T03:36:35.913+0000][gc,start     ] GC(0) Pause Young (Concurrent Start) (Metadata GC Threshold)
[2022-06-17T03:36:35.914+0000][gc,task      ] GC(0) Using 6 workers of 6 for evacuation
[2022-06-17T03:36:35.919+0000][gc,phases    ] GC(0)   Pre Evacuate Collection Set: 0.0ms
[2022-06-17T03:36:35.919+0000][gc,phases    ] GC(0)   Evacuate Collection Set: 4.5ms
[2022-06-17T03:36:35.919+0000][gc,phases    ] GC(0)   Post Evacuate Collection Set: 0.3ms
[2022-06-17T03:36:35.919+0000][gc,phases    ] GC(0)   Other: 0.7ms
[2022-06-17T03:36:35.919+0000][gc,heap      ] GC(0) Eden regions: 38->0(44)
[2022-06-17T03:36:35.919+0000][gc,heap      ] GC(0) Survivor regions: 0->7(7)
[2022-06-17T03:36:35.919+0000][gc,heap      ] GC(0) Old regions: 0->0
[2022-06-17T03:36:35.919+0000][gc,heap      ] GC(0) Humongous regions: 0->0
[2022-06-17T03:36:35.919+0000][gc,metaspace ] GC(0) Metaspace: 20723K->20723K(1069056K)
[2022-06-17T03:36:35.919+0000][gc           ] GC(0) Pause Young (Concurrent Start) (Metadata GC Threshold) 38M->6M(1024M) 5.623ms
[2022-06-17T03:36:35.919+0000][gc,cpu       ] GC(0) User=0.01s Sys=0.00s Real=0.01s
[2022-06-17T03:36:35.919+0000][gc           ] GC(1) Concurrent Cycle
[2022-06-17T03:36:35.919+0000][gc,marking   ] GC(1) Concurrent Clear Claimed Marks
[2022-06-17T03:36:35.919+0000][gc,marking   ] GC(1) Concurrent Clear Claimed Marks 0.012ms
[2022-06-17T03:36:35.919+0000][gc,marking   ] GC(1) Concurrent Scan Root Regions
[2022-06-17T03:36:35.920+0000][gc,marking   ] GC(1) Concurrent Scan Root Regions 1.117ms
[2022-06-17T03:36:35.920+0000][gc,marking   ] GC(1) Concurrent Mark (0.758s)
[2022-06-17T03:36:35.920+0000][gc,marking   ] GC(1) Concurrent Mark From Roots
[2022-06-17T03:36:35.920+0000][gc,task      ] GC(1) Using 2 workers of 2 for marking
[2022-06-17T03:36:35.920+0000][gc,marking   ] GC(1) Concurrent Mark From Roots 0.174ms
[2022-06-17T03:36:35.920+0000][gc,marking   ] GC(1) Concurrent Preclean
[2022-06-17T03:36:35.920+0000][gc,marking   ] GC(1) Concurrent Preclean 0.029ms
[2022-06-17T03:36:35.920+0000][gc,marking   ] GC(1) Concurrent Mark (0.758s, 0.758s) 0.227ms
[2022-06-17T03:36:35.921+0000][gc,start     ] GC(1) Pause Remark
[2022-06-17T03:36:35.922+0000][gc,stringtable] GC(1) Cleaned string and symbol table, strings: 7269 processed, 0 removed, symbols: 63200 processed, 41 removed
[2022-06-17T03:36:35.922+0000][gc            ] GC(1) Pause Remark 6M->6M(1024M) 1.300ms
[2022-06-17T03:36:35.922+0000][gc,cpu        ] GC(1) User=0.00s Sys=0.00s Real=0.00s
[2022-06-17T03:36:35.922+0000][gc,marking    ] GC(1) Concurrent Rebuild Remembered Sets
[2022-06-17T03:36:35.922+0000][gc,marking    ] GC(1) Concurrent Rebuild Remembered Sets 0.092ms
[2022-06-17T03:36:35.922+0000][gc,start      ] GC(1) Pause Cleanup
[2022-06-17T03:36:35.922+0000][gc            ] GC(1) Pause Cleanup 6M->6M(1024M) 0.118ms
[2022-06-17T03:36:35.922+0000][gc,cpu        ] GC(1) User=0.00s Sys=0.00s Real=0.00s
[2022-06-17T03:36:35.922+0000][gc,marking    ] GC(1) Concurrent Cleanup for Next Mark
[2022-06-17T03:36:35.925+0000][gc,marking    ] GC(1) Concurrent Cleanup for Next Mark 2.805ms
[2022-06-17T03:36:35.925+0000][gc            ] GC(1) Concurrent Cycle 6.117ms
[2022-06-17T03:36:36.435+0000][gc,start      ] GC(2) Pause Young (Normal) (G1 Evacuation Pause)
[2022-06-17T03:36:36.435+0000][gc,task       ] GC(2) Using 6 workers of 6 for evacuation
[2022-06-17T03:36:36.439+0000][gc,phases     ] GC(2)   Pre Evacuate Collection Set: 0.0ms
[2022-06-17T03:36:36.439+0000][gc,phases     ] GC(2)   Evacuate Collection Set: 3.9ms
[2022-06-17T03:36:36.439+0000][gc,phases     ] GC(2)   Post Evacuate Collection Set: 0.4ms
[2022-06-17T03:36:36.439+0000][gc,phases     ] GC(2)   Other: 0.1ms
[2022-06-17T03:36:36.439+0000][gc,heap       ] GC(2) Eden regions: 44->0(48)
[2022-06-17T03:36:36.439+0000][gc,heap       ] GC(2) Survivor regions: 7->3(7)
[2022-06-17T03:36:36.439+0000][gc,heap       ] GC(2) Old regions: 0->7
[2022-06-17T03:36:36.439+0000][gc,heap       ] GC(2) Humongous regions: 129->129
[2022-06-17T03:36:36.439+0000][gc,metaspace  ] GC(2) Metaspace: 30953K->30953K(1077248K)
[2022-06-17T03:36:36.439+0000][gc            ] GC(2) Pause Young (Normal) (G1 Evacuation Pause) 179M->137M(1024M) 4.502ms
[2022-06-17T03:36:36.439+0000][gc,cpu        ] GC(2) User=0.01s Sys=0.00s Real=0.01s
[2022-06-17T03:36:36.704+0000][gc,start      ] GC(3) Pause Young (Concurrent Start) (Metadata GC Threshold)
[2022-06-17T03:36:36.704+0000][gc,task       ] GC(3) Using 6 workers of 6 for evacuation
[2022-06-17T03:36:36.707+0000][gc,phases     ] GC(3)   Pre Evacuate Collection Set: 0.1ms
[2022-06-17T03:36:36.707+0000][gc,phases     ] GC(3)   Evacuate Collection Set: 1.8ms
[2022-06-17T03:36:36.707+0000][gc,phases     ] GC(3)   Post Evacuate Collection Set: 0.2ms
[2022-06-17T03:36:36.707+0000][gc,phases     ] GC(3)   Other: 0.2ms
[2022-06-17T03:36:36.707+0000][gc,heap       ] GC(3) Eden regions: 22->0(46)
[2022-06-17T03:36:36.707+0000][gc,heap       ] GC(3) Survivor regions: 3->5(7)
[2022-06-17T03:36:36.707+0000][gc,heap       ] GC(3) Old regions: 7->7
[2022-06-17T03:36:36.707+0000][gc,heap       ] GC(3) Humongous regions: 129->129
[2022-06-17T03:36:36.707+0000][gc,metaspace  ] GC(3) Metaspace: 34892K->34892K(1081344K)
[2022-06-17T03:36:36.707+0000][gc            ] GC(3) Pause Young (Concurrent Start) (Metadata GC Threshold) 159M->139M(1024M) 2.330ms
[2022-06-17T03:36:36.707+0000][gc,cpu        ] GC(3) User=0.01s Sys=0.00s Real=0.00s
[2022-06-17T03:36:36.707+0000][gc            ] GC(4) Concurrent Cycle
[2022-06-17T03:36:36.707+0000][gc,marking    ] GC(4) Concurrent Clear Claimed Marks
[2022-06-17T03:36:36.707+0000][gc,marking    ] GC(4) Concurrent Clear Claimed Marks 0.021ms
[2022-06-17T03:36:36.707+0000][gc,marking    ] GC(4) Concurrent Scan Root Regions
[2022-06-17T03:36:36.708+0000][gc,marking    ] GC(4) Concurrent Scan Root Regions 1.298ms
[2022-06-17T03:36:36.708+0000][gc,marking    ] GC(4) Concurrent Mark (1.546s)
[2022-06-17T03:36:36.708+0000][gc,marking    ] GC(4) Concurrent Mark From Roots
[2022-06-17T03:36:36.708+0000][gc,task       ] GC(4) Using 2 workers of 2 for marking
[2022-06-17T03:36:36.711+0000][gc,marking    ] GC(4) Concurrent Mark From Roots 3.172ms
[2022-06-17T03:36:36.711+0000][gc,marking    ] GC(4) Concurrent Preclean
[2022-06-17T03:36:36.711+0000][gc,marking    ] GC(4) Concurrent Preclean 0.049ms
[2022-06-17T03:36:36.711+0000][gc,marking    ] GC(4) Concurrent Mark (1.546s, 1.549s) 3.256ms
[2022-06-17T03:36:36.712+0000][gc,start      ] GC(4) Pause Remark
[2022-06-17T03:36:36.713+0000][gc,stringtable] GC(4) Cleaned string and symbol table, strings: 13375 processed, 6 removed, symbols: 98448 processed, 25 removed
[2022-06-17T03:36:36.713+0000][gc            ] GC(4) Pause Remark 140M->140M(1024M) 1.676ms
[2022-06-17T03:36:36.713+0000][gc,cpu        ] GC(4) User=0.01s Sys=0.00s Real=0.00s
[2022-06-17T03:36:36.713+0000][gc,marking    ] GC(4) Concurrent Rebuild Remembered Sets
[2022-06-17T03:36:36.715+0000][gc,marking    ] GC(4) Concurrent Rebuild Remembered Sets 1.935ms
[2022-06-17T03:36:36.716+0000][gc,start      ] GC(4) Pause Cleanup
[2022-06-17T03:36:36.716+0000][gc            ] GC(4) Pause Cleanup 140M->140M(1024M) 0.205ms
[2022-06-17T03:36:36.716+0000][gc,cpu        ] GC(4) User=0.00s Sys=0.00s Real=0.00s
[2022-06-17T03:36:36.716+0000][gc,marking    ] GC(4) Concurrent Cleanup for Next Mark
[2022-06-17T03:36:36.719+0000][gc,marking    ] GC(4) Concurrent Cleanup for Next Mark 2.956ms
[2022-06-17T03:36:36.719+0000][gc            ] GC(4) Concurrent Cycle 12.179ms
[2022-06-17T03:38:29.167+0000][gc,start      ] GC(5) Pause Young (Normal) (G1 Evacuation Pause)
[2022-06-17T03:38:29.167+0000][gc,task       ] GC(5) Using 6 workers of 6 for evacuation
[2022-06-17T03:38:29.175+0000][gc,phases     ] GC(5)   Pre Evacuate Collection Set: 0.0ms
[2022-06-17T03:38:29.175+0000][gc,phases     ] GC(5)   Evacuate Collection Set: 7.5ms
[2022-06-17T03:38:29.175+0000][gc,phases     ] GC(5)   Post Evacuate Collection Set: 0.6ms
[2022-06-17T03:38:29.175+0000][gc,phases     ] GC(5)   Other: 0.2ms
[2022-06-17T03:38:29.175+0000][gc,heap       ] GC(5) Eden regions: 46->0(46)
[2022-06-17T03:38:29.175+0000][gc,heap       ] GC(5) Survivor regions: 5->5(7)
[2022-06-17T03:38:29.175+0000][gc,heap       ] GC(5) Old regions: 7->9
[2022-06-17T03:38:29.175+0000][gc,heap       ] GC(5) Humongous regions: 129->129
[2022-06-17T03:38:29.175+0000][gc,metaspace  ] GC(5) Metaspace: 43499K->43499K(1089536K)
[2022-06-17T03:38:29.175+0000][gc            ] GC(5) Pause Young (Normal) (G1 Evacuation Pause) 185M->142M(1024M) 8.469ms
[2022-06-17T03:38:29.175+0000][gc,cpu        ] GC(5) User=0.04s Sys=0.00s Real=0.00s
[2022-06-17T03:44:48.714+0000][gc,start      ] GC(6) Pause Young (Normal) (G1 Evacuation Pause)
[2022-06-17T03:44:48.714+0000][gc,task       ] GC(6) Using 6 workers of 6 for evacuation
[2022-06-17T03:44:48.717+0000][gc,phases     ] GC(6)   Pre Evacuate Collection Set: 0.0ms
[2022-06-17T03:44:48.717+0000][gc,phases     ] GC(6)   Evacuate Collection Set: 3.2ms
[2022-06-17T03:44:48.717+0000][gc,phases     ] GC(6)   Post Evacuate Collection Set: 0.4ms
[2022-06-17T03:44:48.717+0000][gc,phases     ] GC(6)   Other: 0.2ms
[2022-06-17T03:44:48.717+0000][gc,heap       ] GC(6) Eden regions: 46->0(45)
[2022-06-17T03:44:48.718+0000][gc,heap       ] GC(6) Survivor regions: 5->6(7)
[2022-06-17T03:44:48.718+0000][gc,heap       ] GC(6) Old regions: 9->11
[2022-06-17T03:44:48.718+0000][gc,heap       ] GC(6) Humongous regions: 129->129
[2022-06-17T03:44:48.718+0000][gc,metaspace  ] GC(6) Metaspace: 46899K->46899K(1091584K)
[2022-06-17T03:44:48.718+0000][gc            ] GC(6) Pause Young (Normal) (G1 Evacuation Pause) 188M->145M(1024M) 3.879ms
[2022-06-17T03:44:48.718+0000][gc,cpu        ] GC(6) User=0.02s Sys=0.00s Real=0.01s
[2022-06-17T03:57:06.299+0000][gc,start      ] GC(7) Pause Young (Normal) (G1 Evacuation Pause)
[2022-06-17T03:57:06.299+0000][gc,task       ] GC(7) Using 6 workers of 6 for evacuation
[2022-06-17T03:57:06.302+0000][gc,phases     ] GC(7)   Pre Evacuate Collection Set: 0.0ms
[2022-06-17T03:57:06.302+0000][gc,phases     ] GC(7)   Evacuate Collection Set: 3.0ms
[2022-06-17T03:57:06.302+0000][gc,phases     ] GC(7)   Post Evacuate Collection Set: 0.4ms
[2022-06-17T03:57:06.302+0000][gc,phases     ] GC(7)   Other: 0.2ms
[2022-06-17T03:57:06.302+0000][gc,heap       ] GC(7) Eden regions: 45->0(47)
[2022-06-17T03:57:06.302+0000][gc,heap       ] GC(7) Survivor regions: 6->4(7)
[2022-06-17T03:57:06.302+0000][gc,heap       ] GC(7) Old regions: 11->14
[2022-06-17T03:57:06.302+0000][gc,heap       ] GC(7) Humongous regions: 129->129
[2022-06-17T03:57:06.302+0000][gc,metaspace  ] GC(7) Metaspace: 47266K->47266K(1091584K)
[2022-06-17T03:57:06.302+0000][gc            ] GC(7) Pause Young (Normal) (G1 Evacuation Pause) 190M->146M(1024M) 3.573ms
[2022-06-17T03:57:06.302+0000][gc,cpu        ] GC(7) User=0.02s Sys=0.00s Real=0.00s
[2022-06-17T04:10:21.505+0000][gc,start      ] GC(8) Pause Young (Normal) (G1 Evacuation Pause)
[2022-06-17T04:10:21.505+0000][gc,task       ] GC(8) Using 6 workers of 6 for evacuation
[2022-06-17T04:10:21.508+0000][gc,phases     ] GC(8)   Pre Evacuate Collection Set: 0.0ms
[2022-06-17T04:10:21.508+0000][gc,phases     ] GC(8)   Evacuate Collection Set: 2.3ms
[2022-06-17T04:10:21.508+0000][gc,phases     ] GC(8)   Post Evacuate Collection Set: 0.5ms
[2022-06-17T04:10:21.508+0000][gc,phases     ] GC(8)   Other: 0.6ms
[2022-06-17T04:10:21.508+0000][gc,heap       ] GC(8) Eden regions: 47->0(46)
[2022-06-17T04:10:21.508+0000][gc,heap       ] GC(8) Survivor regions: 4->5(7)
[2022-06-17T04:10:21.508+0000][gc,heap       ] GC(8) Old regions: 14->14
[2022-06-17T04:10:21.508+0000][gc,heap       ] GC(8) Humongous regions: 129->129
[2022-06-17T04:10:21.508+0000][gc,metaspace  ] GC(8) Metaspace: 47406K->47406K(1091584K)
[2022-06-17T04:10:21.508+0000][gc            ] GC(8) Pause Young (Normal) (G1 Evacuation Pause) 193M->146M(1024M) 3.347ms
[2022-06-17T04:10:21.508+0000][gc,cpu        ] GC(8) User=0.01s Sys=0.00s Real=0.00s
[2022-06-17T04:22:06.299+0000][gc,start      ] GC(9) Pause Young (Normal) (G1 Evacuation Pause)
[2022-06-17T04:22:06.299+0000][gc,task       ] GC(9) Using 6 workers of 6 for evacuation
[2022-06-17T04:22:06.302+0000][gc,phases     ] GC(9)   Pre Evacuate Collection Set: 0.0ms
[2022-06-17T04:22:06.302+0000][gc,phases     ] GC(9)   Evacuate Collection Set: 2.2ms
[2022-06-17T04:22:06.302+0000][gc,phases     ] GC(9)   Post Evacuate Collection Set: 0.4ms
[2022-06-17T04:22:06.302+0000][gc,phases     ] GC(9)   Other: 0.2ms
[2022-06-17T04:22:06.302+0000][gc,heap       ] GC(9) Eden regions: 46->0(79)
[2022-06-17T04:22:06.302+0000][gc,heap       ] GC(9) Survivor regions: 5->3(7)
[2022-06-17T04:22:06.302+0000][gc,heap       ] GC(9) Old regions: 14->15
[2022-06-17T04:22:06.302+0000][gc,heap       ] GC(9) Humongous regions: 129->129
[2022-06-17T04:22:06.302+0000][gc,metaspace  ] GC(9) Metaspace: 47537K->47537K(1091584K)
[2022-06-17T04:22:06.302+0000][gc            ] GC(9) Pause Young (Normal) (G1 Evacuation Pause) 192M->145M(1024M) 2.841ms
[2022-06-17T04:22:06.302+0000][gc,cpu        ] GC(9) User=0.01s Sys=0.00s Real=0.00s
