[2022-06-20T23:18:50.459+0000][gc,heap] Heap region size: 1M
[2022-06-20T23:18:50.465+0000][gc     ] Using G1
[2022-06-20T23:18:50.465+0000][gc,heap,coops] Heap address: 0x00000000c0000000, size: 1024 MB, Compressed Oops mode: 32-bit
[2022-06-20T23:18:51.246+0000][gc,start     ] GC(0) Pause Young (Concurrent Start) (Metadata GC Threshold)
[2022-06-20T23:18:51.247+0000][gc,task      ] GC(0) Using 6 workers of 6 for evacuation
[2022-06-20T23:18:51.252+0000][gc,phases    ] GC(0)   Pre Evacuate Collection Set: 0.0ms
[2022-06-20T23:18:51.252+0000][gc,phases    ] GC(0)   Evacuate Collection Set: 4.9ms
[2022-06-20T23:18:51.252+0000][gc,phases    ] GC(0)   Post Evacuate Collection Set: 0.5ms
[2022-06-20T23:18:51.252+0000][gc,phases    ] GC(0)   Other: 0.6ms
[2022-06-20T23:18:51.252+0000][gc,heap      ] GC(0) Eden regions: 38->0(44)
[2022-06-20T23:18:51.252+0000][gc,heap      ] GC(0) Survivor regions: 0->7(7)
[2022-06-20T23:18:51.252+0000][gc,heap      ] GC(0) Old regions: 0->0
[2022-06-20T23:18:51.252+0000][gc,heap      ] GC(0) Humongous regions: 0->0
[2022-06-20T23:18:51.252+0000][gc,metaspace ] GC(0) Metaspace: 20724K->20724K(1069056K)
[2022-06-20T23:18:51.252+0000][gc           ] GC(0) Pause Young (Concurrent Start) (Metadata GC Threshold) 37M->6M(1024M) 6.081ms
[2022-06-20T23:18:51.252+0000][gc,cpu       ] GC(0) User=0.02s Sys=0.00s Real=0.00s
[2022-06-20T23:18:51.252+0000][gc           ] GC(1) Concurrent Cycle
[2022-06-20T23:18:51.252+0000][gc,marking   ] GC(1) Concurrent Clear Claimed Marks
[2022-06-20T23:18:51.252+0000][gc,marking   ] GC(1) Concurrent Clear Claimed Marks 0.015ms
[2022-06-20T23:18:51.252+0000][gc,marking   ] GC(1) Concurrent Scan Root Regions
[2022-06-20T23:18:51.253+0000][gc,marking   ] GC(1) Concurrent Scan Root Regions 1.059ms
[2022-06-20T23:18:51.253+0000][gc,marking   ] GC(1) Concurrent Mark (0.797s)
[2022-06-20T23:18:51.253+0000][gc,marking   ] GC(1) Concurrent Mark From Roots
[2022-06-20T23:18:51.253+0000][gc,task      ] GC(1) Using 2 workers of 2 for marking
[2022-06-20T23:18:51.254+0000][gc,marking   ] GC(1) Concurrent Mark From Roots 0.187ms
[2022-06-20T23:18:51.254+0000][gc,marking   ] GC(1) Concurrent Preclean
[2022-06-20T23:18:51.254+0000][gc,marking   ] GC(1) Concurrent Preclean 0.045ms
[2022-06-20T23:18:51.254+0000][gc,marking   ] GC(1) Concurrent Mark (0.797s, 0.797s) 0.264ms
[2022-06-20T23:18:51.254+0000][gc,start     ] GC(1) Pause Remark
[2022-06-20T23:18:51.255+0000][gc,stringtable] GC(1) Cleaned string and symbol table, strings: 7270 processed, 0 removed, symbols: 63199 processed, 41 removed
[2022-06-20T23:18:51.255+0000][gc            ] GC(1) Pause Remark 6M->6M(1024M) 1.516ms
[2022-06-20T23:18:51.255+0000][gc,cpu        ] GC(1) User=0.00s Sys=0.00s Real=0.00s
[2022-06-20T23:18:51.255+0000][gc,marking    ] GC(1) Concurrent Rebuild Remembered Sets
[2022-06-20T23:18:51.255+0000][gc,marking    ] GC(1) Concurrent Rebuild Remembered Sets 0.114ms
[2022-06-20T23:18:51.256+0000][gc,start      ] GC(1) Pause Cleanup
[2022-06-20T23:18:51.256+0000][gc            ] GC(1) Pause Cleanup 6M->6M(1024M) 0.197ms
[2022-06-20T23:18:51.256+0000][gc,cpu        ] GC(1) User=0.00s Sys=0.00s Real=0.00s
[2022-06-20T23:18:51.256+0000][gc,marking    ] GC(1) Concurrent Cleanup for Next Mark
[2022-06-20T23:18:51.260+0000][gc,marking    ] GC(1) Concurrent Cleanup for Next Mark 3.784ms
[2022-06-20T23:18:51.260+0000][gc            ] GC(1) Concurrent Cycle 7.439ms
[2022-06-20T23:18:51.755+0000][gc,start      ] GC(2) Pause Young (Normal) (G1 Evacuation Pause)
[2022-06-20T23:18:51.755+0000][gc,task       ] GC(2) Using 6 workers of 6 for evacuation
[2022-06-20T23:18:51.759+0000][gc,phases     ] GC(2)   Pre Evacuate Collection Set: 0.0ms
[2022-06-20T23:18:51.759+0000][gc,phases     ] GC(2)   Evacuate Collection Set: 3.6ms
[2022-06-20T23:18:51.759+0000][gc,phases     ] GC(2)   Post Evacuate Collection Set: 0.3ms
[2022-06-20T23:18:51.759+0000][gc,phases     ] GC(2)   Other: 0.1ms
[2022-06-20T23:18:51.759+0000][gc,heap       ] GC(2) Eden regions: 44->0(48)
[2022-06-20T23:18:51.759+0000][gc,heap       ] GC(2) Survivor regions: 7->3(7)
[2022-06-20T23:18:51.759+0000][gc,heap       ] GC(2) Old regions: 0->7
[2022-06-20T23:18:51.759+0000][gc,heap       ] GC(2) Humongous regions: 129->129
[2022-06-20T23:18:51.759+0000][gc,metaspace  ] GC(2) Metaspace: 30956K->30956K(1077248K)
[2022-06-20T23:18:51.759+0000][gc            ] GC(2) Pause Young (Normal) (G1 Evacuation Pause) 179M->137M(1024M) 4.087ms
[2022-06-20T23:18:51.759+0000][gc,cpu        ] GC(2) User=0.03s Sys=0.00s Real=0.00s
[2022-06-20T23:18:52.016+0000][gc,start      ] GC(3) Pause Young (Concurrent Start) (Metadata GC Threshold)
[2022-06-20T23:18:52.016+0000][gc,task       ] GC(3) Using 6 workers of 6 for evacuation
[2022-06-20T23:18:52.019+0000][gc,phases     ] GC(3)   Pre Evacuate Collection Set: 0.1ms
[2022-06-20T23:18:52.019+0000][gc,phases     ] GC(3)   Evacuate Collection Set: 2.8ms
[2022-06-20T23:18:52.019+0000][gc,phases     ] GC(3)   Post Evacuate Collection Set: 0.5ms
[2022-06-20T23:18:52.019+0000][gc,phases     ] GC(3)   Other: 0.2ms
[2022-06-20T23:18:52.019+0000][gc,heap       ] GC(3) Eden regions: 23->0(46)
[2022-06-20T23:18:52.019+0000][gc,heap       ] GC(3) Survivor regions: 3->5(7)
[2022-06-20T23:18:52.019+0000][gc,heap       ] GC(3) Old regions: 7->7
[2022-06-20T23:18:52.019+0000][gc,heap       ] GC(3) Humongous regions: 129->129
[2022-06-20T23:18:52.019+0000][gc,metaspace  ] GC(3) Metaspace: 34984K->34984K(1081344K)
[2022-06-20T23:18:52.019+0000][gc            ] GC(3) Pause Young (Concurrent Start) (Metadata GC Threshold) 160M->139M(1024M) 3.666ms
[2022-06-20T23:18:52.019+0000][gc,cpu        ] GC(3) User=0.02s Sys=0.00s Real=0.00s
[2022-06-20T23:18:52.019+0000][gc            ] GC(4) Concurrent Cycle
[2022-06-20T23:18:52.019+0000][gc,marking    ] GC(4) Concurrent Clear Claimed Marks
[2022-06-20T23:18:52.019+0000][gc,marking    ] GC(4) Concurrent Clear Claimed Marks 0.028ms
[2022-06-20T23:18:52.020+0000][gc,marking    ] GC(4) Concurrent Scan Root Regions
[2022-06-20T23:18:52.021+0000][gc,marking    ] GC(4) Concurrent Scan Root Regions 1.515ms
[2022-06-20T23:18:52.021+0000][gc,marking    ] GC(4) Concurrent Mark (1.565s)
[2022-06-20T23:18:52.021+0000][gc,marking    ] GC(4) Concurrent Mark From Roots
[2022-06-20T23:18:52.021+0000][gc,task       ] GC(4) Using 2 workers of 2 for marking
[2022-06-20T23:18:52.025+0000][gc,marking    ] GC(4) Concurrent Mark From Roots 4.028ms
[2022-06-20T23:18:52.025+0000][gc,marking    ] GC(4) Concurrent Preclean
[2022-06-20T23:18:52.025+0000][gc,marking    ] GC(4) Concurrent Preclean 0.054ms
[2022-06-20T23:18:52.025+0000][gc,marking    ] GC(4) Concurrent Mark (1.565s, 1.569s) 4.148ms
[2022-06-20T23:18:52.025+0000][gc,start      ] GC(4) Pause Remark
[2022-06-20T23:18:52.027+0000][gc,stringtable] GC(4) Cleaned string and symbol table, strings: 13342 processed, 6 removed, symbols: 98822 processed, 28 removed
[2022-06-20T23:18:52.027+0000][gc            ] GC(4) Pause Remark 140M->140M(1024M) 1.792ms
[2022-06-20T23:18:52.027+0000][gc,cpu        ] GC(4) User=0.01s Sys=0.00s Real=0.01s
[2022-06-20T23:18:52.027+0000][gc,marking    ] GC(4) Concurrent Rebuild Remembered Sets
[2022-06-20T23:18:52.029+0000][gc,marking    ] GC(4) Concurrent Rebuild Remembered Sets 1.937ms
[2022-06-20T23:18:52.029+0000][gc,start      ] GC(4) Pause Cleanup
[2022-06-20T23:18:52.030+0000][gc            ] GC(4) Pause Cleanup 140M->140M(1024M) 0.210ms
[2022-06-20T23:18:52.030+0000][gc,cpu        ] GC(4) User=0.01s Sys=0.00s Real=0.00s
[2022-06-20T23:18:52.030+0000][gc,marking    ] GC(4) Concurrent Cleanup for Next Mark
[2022-06-20T23:18:52.034+0000][gc,marking    ] GC(4) Concurrent Cleanup for Next Mark 4.068ms
[2022-06-20T23:18:52.034+0000][gc            ] GC(4) Concurrent Cycle 14.323ms
[2022-06-20T23:23:14.054+0000][gc,start      ] GC(5) Pause Young (Normal) (G1 Evacuation Pause)
[2022-06-20T23:23:14.054+0000][gc,task       ] GC(5) Using 6 workers of 6 for evacuation
[2022-06-20T23:23:14.058+0000][gc,phases     ] GC(5)   Pre Evacuate Collection Set: 0.1ms
[2022-06-20T23:23:14.058+0000][gc,phases     ] GC(5)   Evacuate Collection Set: 3.1ms
[2022-06-20T23:23:14.058+0000][gc,phases     ] GC(5)   Post Evacuate Collection Set: 0.4ms
[2022-06-20T23:23:14.058+0000][gc,phases     ] GC(5)   Other: 0.2ms
[2022-06-20T23:23:14.058+0000][gc,heap       ] GC(5) Eden regions: 46->0(46)
[2022-06-20T23:23:14.058+0000][gc,heap       ] GC(5) Survivor regions: 5->5(7)
[2022-06-20T23:23:14.058+0000][gc,heap       ] GC(5) Old regions: 7->9
[2022-06-20T23:23:14.058+0000][gc,heap       ] GC(5) Humongous regions: 129->129
[2022-06-20T23:23:14.058+0000][gc,metaspace  ] GC(5) Metaspace: 43487K->43487K(1089536K)
[2022-06-20T23:23:14.058+0000][gc            ] GC(5) Pause Young (Normal) (G1 Evacuation Pause) 185M->141M(1024M) 3.908ms
[2022-06-20T23:23:14.058+0000][gc,cpu        ] GC(5) User=0.02s Sys=0.00s Real=0.00s
[2022-06-20T23:29:08.240+0000][gc,start      ] GC(6) Pause Young (Normal) (G1 Evacuation Pause)
[2022-06-20T23:29:08.240+0000][gc,task       ] GC(6) Using 6 workers of 6 for evacuation
[2022-06-20T23:29:08.243+0000][gc,phases     ] GC(6)   Pre Evacuate Collection Set: 0.0ms
[2022-06-20T23:29:08.243+0000][gc,phases     ] GC(6)   Evacuate Collection Set: 3.0ms
[2022-06-20T23:29:08.243+0000][gc,phases     ] GC(6)   Post Evacuate Collection Set: 0.4ms
[2022-06-20T23:29:08.243+0000][gc,phases     ] GC(6)   Other: 0.2ms
[2022-06-20T23:29:08.243+0000][gc,heap       ] GC(6) Eden regions: 46->0(45)
[2022-06-20T23:29:08.243+0000][gc,heap       ] GC(6) Survivor regions: 5->6(7)
[2022-06-20T23:29:08.243+0000][gc,heap       ] GC(6) Old regions: 9->11
[2022-06-20T23:29:08.243+0000][gc,heap       ] GC(6) Humongous regions: 129->129
[2022-06-20T23:29:08.243+0000][gc,metaspace  ] GC(6) Metaspace: 47012K->47012K(1091584K)
[2022-06-20T23:29:08.244+0000][gc            ] GC(6) Pause Young (Normal) (G1 Evacuation Pause) 187M->145M(1024M) 3.563ms
[2022-06-20T23:29:08.244+0000][gc,cpu        ] GC(6) User=0.02s Sys=0.00s Real=0.00s
[2022-06-20T23:39:58.680+0000][gc,start      ] GC(7) Pause Young (Normal) (G1 Evacuation Pause)
[2022-06-20T23:39:58.680+0000][gc,task       ] GC(7) Using 6 workers of 6 for evacuation
[2022-06-20T23:39:58.683+0000][gc,phases     ] GC(7)   Pre Evacuate Collection Set: 0.0ms
[2022-06-20T23:39:58.683+0000][gc,phases     ] GC(7)   Evacuate Collection Set: 2.8ms
[2022-06-20T23:39:58.683+0000][gc,phases     ] GC(7)   Post Evacuate Collection Set: 0.3ms
[2022-06-20T23:39:58.683+0000][gc,phases     ] GC(7)   Other: 0.2ms
[2022-06-20T23:39:58.683+0000][gc,heap       ] GC(7) Eden regions: 45->0(46)
[2022-06-20T23:39:58.683+0000][gc,heap       ] GC(7) Survivor regions: 6->5(7)
[2022-06-20T23:39:58.683+0000][gc,heap       ] GC(7) Old regions: 11->13
[2022-06-20T23:39:58.683+0000][gc,heap       ] GC(7) Humongous regions: 129->129
[2022-06-20T23:39:58.683+0000][gc,metaspace  ] GC(7) Metaspace: 47175K->47175K(1091584K)
[2022-06-20T23:39:58.683+0000][gc            ] GC(7) Pause Young (Normal) (G1 Evacuation Pause) 190M->145M(1024M) 3.407ms
[2022-06-20T23:39:58.683+0000][gc,cpu        ] GC(7) User=0.01s Sys=0.00s Real=0.00s
[2022-06-20T23:51:46.707+0000][gc,start      ] GC(8) Pause Young (Normal) (G1 Evacuation Pause)
[2022-06-20T23:51:46.707+0000][gc,task       ] GC(8) Using 6 workers of 6 for evacuation
[2022-06-20T23:51:46.710+0000][gc,phases     ] GC(8)   Pre Evacuate Collection Set: 0.0ms
[2022-06-20T23:51:46.710+0000][gc,phases     ] GC(8)   Evacuate Collection Set: 2.2ms
[2022-06-20T23:51:46.710+0000][gc,phases     ] GC(8)   Post Evacuate Collection Set: 0.3ms
[2022-06-20T23:51:46.710+0000][gc,phases     ] GC(8)   Other: 0.2ms
[2022-06-20T23:51:46.710+0000][gc,heap       ] GC(8) Eden regions: 46->0(48)
[2022-06-20T23:51:46.710+0000][gc,heap       ] GC(8) Survivor regions: 5->3(7)
[2022-06-20T23:51:46.710+0000][gc,heap       ] GC(8) Old regions: 13->15
[2022-06-20T23:51:46.710+0000][gc,heap       ] GC(8) Humongous regions: 129->129
[2022-06-20T23:51:46.710+0000][gc,metaspace  ] GC(8) Metaspace: 47279K->47279K(1091584K)
[2022-06-20T23:51:46.710+0000][gc            ] GC(8) Pause Young (Normal) (G1 Evacuation Pause) 191M->145M(1024M) 2.741ms
[2022-06-20T23:51:46.710+0000][gc,cpu        ] GC(8) User=0.00s Sys=0.01s Real=0.00s
[2022-06-21T00:04:08.680+0000][gc,start      ] GC(9) Pause Young (Normal) (G1 Evacuation Pause)
[2022-06-21T00:04:08.680+0000][gc,task       ] GC(9) Using 6 workers of 6 for evacuation
[2022-06-21T00:04:08.682+0000][gc,phases     ] GC(9)   Pre Evacuate Collection Set: 0.0ms
[2022-06-21T00:04:08.682+0000][gc,phases     ] GC(9)   Evacuate Collection Set: 1.7ms
[2022-06-21T00:04:08.682+0000][gc,phases     ] GC(9)   Post Evacuate Collection Set: 0.3ms
[2022-06-21T00:04:08.682+0000][gc,phases     ] GC(9)   Other: 0.7ms
[2022-06-21T00:04:08.682+0000][gc,heap       ] GC(9) Eden regions: 48->0(260)
[2022-06-21T00:04:08.682+0000][gc,heap       ] GC(9) Survivor regions: 3->3(7)
[2022-06-21T00:04:08.682+0000][gc,heap       ] GC(9) Old regions: 15->15
[2022-06-21T00:04:08.682+0000][gc,heap       ] GC(9) Humongous regions: 129->129
[2022-06-21T00:04:08.682+0000][gc,metaspace  ] GC(9) Metaspace: 47379K->47379K(1091584K)
[2022-06-21T00:04:08.682+0000][gc            ] GC(9) Pause Young (Normal) (G1 Evacuation Pause) 193M->146M(1024M) 2.807ms
[2022-06-21T00:04:08.682+0000][gc,cpu        ] GC(9) User=0.02s Sys=0.00s Real=0.00s
[2022-06-21T00:50:52.026+0000][gc,start      ] GC(10) Pause Young (Normal) (G1 Evacuation Pause)
[2022-06-21T00:50:52.027+0000][gc,task       ] GC(10) Using 6 workers of 6 for evacuation
[2022-06-21T00:50:52.030+0000][gc,phases     ] GC(10)   Pre Evacuate Collection Set: 0.0ms
[2022-06-21T00:50:52.030+0000][gc,phases     ] GC(10)   Evacuate Collection Set: 2.5ms
[2022-06-21T00:50:52.030+0000][gc,phases     ] GC(10)   Post Evacuate Collection Set: 0.4ms
[2022-06-21T00:50:52.030+0000][gc,phases     ] GC(10)   Other: 0.8ms
[2022-06-21T00:50:52.030+0000][gc,heap       ] GC(10) Eden regions: 260->0(216)
[2022-06-21T00:50:52.030+0000][gc,heap       ] GC(10) Survivor regions: 3->5(33)
[2022-06-21T00:50:52.030+0000][gc,heap       ] GC(10) Old regions: 15->15
[2022-06-21T00:50:52.030+0000][gc,heap       ] GC(10) Humongous regions: 129->129
[2022-06-21T00:50:52.030+0000][gc,metaspace  ] GC(10) Metaspace: 47823K->47823K(1093632K)
[2022-06-21T00:50:52.030+0000][gc            ] GC(10) Pause Young (Normal) (G1 Evacuation Pause) 406M->147M(1024M) 3.790ms
[2022-06-21T00:50:52.030+0000][gc,cpu        ] GC(10) User=0.02s Sys=0.00s Real=0.00s
