[2022-06-20T06:38:40.963+0000][gc,heap] Heap region size: 1M
[2022-06-20T06:38:40.970+0000][gc     ] Using G1
[2022-06-20T06:38:40.970+0000][gc,heap,coops] Heap address: 0x00000000c0000000, size: 1024 MB, Compressed Oops mode: 32-bit
[2022-06-20T06:38:41.721+0000][gc,start     ] GC(0) Pause Young (Concurrent Start) (Metadata GC Threshold)
[2022-06-20T06:38:41.721+0000][gc,task      ] GC(0) Using 6 workers of 6 for evacuation
[2022-06-20T06:38:41.726+0000][gc,phases    ] GC(0)   Pre Evacuate Collection Set: 0.0ms
[2022-06-20T06:38:41.726+0000][gc,phases    ] GC(0)   Evacuate Collection Set: 4.3ms
[2022-06-20T06:38:41.726+0000][gc,phases    ] GC(0)   Post Evacuate Collection Set: 0.4ms
[2022-06-20T06:38:41.726+0000][gc,phases    ] GC(0)   Other: 0.7ms
[2022-06-20T06:38:41.726+0000][gc,heap      ] GC(0) Eden regions: 38->0(44)
[2022-06-20T06:38:41.726+0000][gc,heap      ] GC(0) Survivor regions: 0->7(7)
[2022-06-20T06:38:41.726+0000][gc,heap      ] GC(0) Old regions: 0->0
[2022-06-20T06:38:41.726+0000][gc,heap      ] GC(0) Humongous regions: 0->0
[2022-06-20T06:38:41.726+0000][gc,metaspace ] GC(0) Metaspace: 20811K->20811K(1069056K)
[2022-06-20T06:38:41.726+0000][gc           ] GC(0) Pause Young (Concurrent Start) (Metadata GC Threshold) 38M->6M(1024M) 5.540ms
[2022-06-20T06:38:41.726+0000][gc,cpu       ] GC(0) User=0.01s Sys=0.01s Real=0.01s
[2022-06-20T06:38:41.726+0000][gc           ] GC(1) Concurrent Cycle
[2022-06-20T06:38:41.726+0000][gc,marking   ] GC(1) Concurrent Clear Claimed Marks
[2022-06-20T06:38:41.726+0000][gc,marking   ] GC(1) Concurrent Clear Claimed Marks 0.012ms
[2022-06-20T06:38:41.726+0000][gc,marking   ] GC(1) Concurrent Scan Root Regions
[2022-06-20T06:38:41.727+0000][gc,marking   ] GC(1) Concurrent Scan Root Regions 1.221ms
[2022-06-20T06:38:41.727+0000][gc,marking   ] GC(1) Concurrent Mark (0.767s)
[2022-06-20T06:38:41.727+0000][gc,marking   ] GC(1) Concurrent Mark From Roots
[2022-06-20T06:38:41.727+0000][gc,task      ] GC(1) Using 2 workers of 2 for marking
[2022-06-20T06:38:41.728+0000][gc,marking   ] GC(1) Concurrent Mark From Roots 0.188ms
[2022-06-20T06:38:41.728+0000][gc,marking   ] GC(1) Concurrent Preclean
[2022-06-20T06:38:41.728+0000][gc,marking   ] GC(1) Concurrent Preclean 0.046ms
[2022-06-20T06:38:41.728+0000][gc,marking   ] GC(1) Concurrent Mark (0.767s, 0.767s) 0.271ms
[2022-06-20T06:38:41.728+0000][gc,start     ] GC(1) Pause Remark
[2022-06-20T06:38:41.729+0000][gc,stringtable] GC(1) Cleaned string and symbol table, strings: 7283 processed, 0 removed, symbols: 63236 processed, 40 removed
[2022-06-20T06:38:41.729+0000][gc            ] GC(1) Pause Remark 6M->6M(1024M) 1.275ms
[2022-06-20T06:38:41.729+0000][gc,cpu        ] GC(1) User=0.01s Sys=0.00s Real=0.01s
[2022-06-20T06:38:41.729+0000][gc,marking    ] GC(1) Concurrent Rebuild Remembered Sets
[2022-06-20T06:38:41.729+0000][gc,marking    ] GC(1) Concurrent Rebuild Remembered Sets 0.077ms
[2022-06-20T06:38:41.730+0000][gc,start      ] GC(1) Pause Cleanup
[2022-06-20T06:38:41.730+0000][gc            ] GC(1) Pause Cleanup 6M->6M(1024M) 0.142ms
[2022-06-20T06:38:41.730+0000][gc,cpu        ] GC(1) User=0.00s Sys=0.00s Real=0.00s
[2022-06-20T06:38:41.730+0000][gc,marking    ] GC(1) Concurrent Cleanup for Next Mark
[2022-06-20T06:38:41.732+0000][gc,marking    ] GC(1) Concurrent Cleanup for Next Mark 2.727ms
[2022-06-20T06:38:41.732+0000][gc            ] GC(1) Concurrent Cycle 6.244ms
[2022-06-20T06:38:42.312+0000][gc,start      ] GC(2) Pause Young (Normal) (G1 Evacuation Pause)
[2022-06-20T06:38:42.312+0000][gc,task       ] GC(2) Using 6 workers of 6 for evacuation
[2022-06-20T06:38:42.316+0000][gc,phases     ] GC(2)   Pre Evacuate Collection Set: 0.0ms
[2022-06-20T06:38:42.316+0000][gc,phases     ] GC(2)   Evacuate Collection Set: 3.9ms
[2022-06-20T06:38:42.316+0000][gc,phases     ] GC(2)   Post Evacuate Collection Set: 0.5ms
[2022-06-20T06:38:42.316+0000][gc,phases     ] GC(2)   Other: 0.1ms
[2022-06-20T06:38:42.316+0000][gc,heap       ] GC(2) Eden regions: 44->0(49)
[2022-06-20T06:38:42.316+0000][gc,heap       ] GC(2) Survivor regions: 7->2(7)
[2022-06-20T06:38:42.316+0000][gc,heap       ] GC(2) Old regions: 0->7
[2022-06-20T06:38:42.316+0000][gc,heap       ] GC(2) Humongous regions: 0->0
[2022-06-20T06:38:42.316+0000][gc,metaspace  ] GC(2) Metaspace: 30043K->30043K(1077248K)
[2022-06-20T06:38:42.316+0000][gc            ] GC(2) Pause Young (Normal) (G1 Evacuation Pause) 50M->8M(1024M) 4.729ms
[2022-06-20T06:38:42.316+0000][gc,cpu        ] GC(2) User=0.02s Sys=0.00s Real=0.00s
[2022-06-20T06:38:42.586+0000][gc,start      ] GC(3) Pause Young (Concurrent Start) (Metadata GC Threshold)
[2022-06-20T06:38:42.586+0000][gc,task       ] GC(3) Using 6 workers of 6 for evacuation
[2022-06-20T06:38:42.589+0000][gc,phases     ] GC(3)   Pre Evacuate Collection Set: 0.1ms
[2022-06-20T06:38:42.589+0000][gc,phases     ] GC(3)   Evacuate Collection Set: 2.5ms
[2022-06-20T06:38:42.589+0000][gc,phases     ] GC(3)   Post Evacuate Collection Set: 0.4ms
[2022-06-20T06:38:42.589+0000][gc,phases     ] GC(3)   Other: 0.2ms
[2022-06-20T06:38:42.589+0000][gc,heap       ] GC(3) Eden regions: 27->0(46)
[2022-06-20T06:38:42.589+0000][gc,heap       ] GC(3) Survivor regions: 2->5(7)
[2022-06-20T06:38:42.589+0000][gc,heap       ] GC(3) Old regions: 7->7
[2022-06-20T06:38:42.589+0000][gc,heap       ] GC(3) Humongous regions: 129->129
[2022-06-20T06:38:42.589+0000][gc,metaspace  ] GC(3) Metaspace: 34904K->34904K(1081344K)
[2022-06-20T06:38:42.589+0000][gc            ] GC(3) Pause Young (Concurrent Start) (Metadata GC Threshold) 163M->139M(1024M) 3.259ms
[2022-06-20T06:38:42.589+0000][gc,cpu        ] GC(3) User=0.01s Sys=0.00s Real=0.01s
[2022-06-20T06:38:42.589+0000][gc            ] GC(4) Concurrent Cycle
[2022-06-20T06:38:42.589+0000][gc,marking    ] GC(4) Concurrent Clear Claimed Marks
[2022-06-20T06:38:42.589+0000][gc,marking    ] GC(4) Concurrent Clear Claimed Marks 0.024ms
[2022-06-20T06:38:42.589+0000][gc,marking    ] GC(4) Concurrent Scan Root Regions
[2022-06-20T06:38:42.590+0000][gc,marking    ] GC(4) Concurrent Scan Root Regions 1.222ms
[2022-06-20T06:38:42.590+0000][gc,marking    ] GC(4) Concurrent Mark (1.630s)
[2022-06-20T06:38:42.590+0000][gc,marking    ] GC(4) Concurrent Mark From Roots
[2022-06-20T06:38:42.590+0000][gc,task       ] GC(4) Using 2 workers of 2 for marking
[2022-06-20T06:38:42.593+0000][gc,marking    ] GC(4) Concurrent Mark From Roots 2.722ms
[2022-06-20T06:38:42.593+0000][gc,marking    ] GC(4) Concurrent Preclean
[2022-06-20T06:38:42.593+0000][gc,marking    ] GC(4) Concurrent Preclean 0.060ms
[2022-06-20T06:38:42.593+0000][gc,marking    ] GC(4) Concurrent Mark (1.630s, 1.632s) 2.819ms
[2022-06-20T06:38:42.594+0000][gc,start      ] GC(4) Pause Remark
[2022-06-20T06:38:42.595+0000][gc,stringtable] GC(4) Cleaned string and symbol table, strings: 12004 processed, 7 removed, symbols: 96012 processed, 22 removed
[2022-06-20T06:38:42.595+0000][gc            ] GC(4) Pause Remark 140M->140M(1024M) 1.849ms
[2022-06-20T06:38:42.595+0000][gc,cpu        ] GC(4) User=0.00s Sys=0.00s Real=0.00s
[2022-06-20T06:38:42.595+0000][gc,marking    ] GC(4) Concurrent Rebuild Remembered Sets
[2022-06-20T06:38:42.597+0000][gc,marking    ] GC(4) Concurrent Rebuild Remembered Sets 1.812ms
[2022-06-20T06:38:42.597+0000][gc,start      ] GC(4) Pause Cleanup
[2022-06-20T06:38:42.598+0000][gc            ] GC(4) Pause Cleanup 140M->140M(1024M) 0.197ms
[2022-06-20T06:38:42.598+0000][gc,cpu        ] GC(4) User=0.00s Sys=0.00s Real=0.00s
[2022-06-20T06:38:42.598+0000][gc,marking    ] GC(4) Concurrent Cleanup for Next Mark
[2022-06-20T06:38:42.600+0000][gc,marking    ] GC(4) Concurrent Cleanup for Next Mark 2.711ms
[2022-06-20T06:38:42.600+0000][gc            ] GC(4) Concurrent Cycle 11.336ms
[2022-06-20T06:38:47.841+0000][gc,start      ] GC(5) Pause Young (Normal) (G1 Evacuation Pause)
[2022-06-20T06:38:47.841+0000][gc,task       ] GC(5) Using 6 workers of 6 for evacuation
[2022-06-20T06:38:47.845+0000][gc,phases     ] GC(5)   Pre Evacuate Collection Set: 0.0ms
[2022-06-20T06:38:47.845+0000][gc,phases     ] GC(5)   Evacuate Collection Set: 2.9ms
[2022-06-20T06:38:47.845+0000][gc,phases     ] GC(5)   Post Evacuate Collection Set: 0.4ms
[2022-06-20T06:38:47.845+0000][gc,phases     ] GC(5)   Other: 0.2ms
[2022-06-20T06:38:47.845+0000][gc,heap       ] GC(5) Eden regions: 46->0(45)
[2022-06-20T06:38:47.845+0000][gc,heap       ] GC(5) Survivor regions: 5->6(7)
[2022-06-20T06:38:47.845+0000][gc,heap       ] GC(5) Old regions: 7->8
[2022-06-20T06:38:47.845+0000][gc,heap       ] GC(5) Humongous regions: 135->129
[2022-06-20T06:38:47.845+0000][gc,metaspace  ] GC(5) Metaspace: 43385K->43385K(1089536K)
[2022-06-20T06:38:47.845+0000][gc            ] GC(5) Pause Young (Normal) (G1 Evacuation Pause) 191M->142M(1024M) 3.558ms
[2022-06-20T06:38:47.845+0000][gc,cpu        ] GC(5) User=0.02s Sys=0.00s Real=0.00s
[2022-06-20T06:47:23.572+0000][gc,start      ] GC(6) Pause Young (Normal) (G1 Evacuation Pause)
[2022-06-20T06:47:23.572+0000][gc,task       ] GC(6) Using 6 workers of 6 for evacuation
[2022-06-20T06:47:23.577+0000][gc,phases     ] GC(6)   Pre Evacuate Collection Set: 0.1ms
[2022-06-20T06:47:23.577+0000][gc,phases     ] GC(6)   Evacuate Collection Set: 4.0ms
[2022-06-20T06:47:23.577+0000][gc,phases     ] GC(6)   Post Evacuate Collection Set: 0.5ms
[2022-06-20T06:47:23.577+0000][gc,phases     ] GC(6)   Other: 0.2ms
[2022-06-20T06:47:23.577+0000][gc,heap       ] GC(6) Eden regions: 45->0(44)
[2022-06-20T06:47:23.577+0000][gc,heap       ] GC(6) Survivor regions: 6->7(7)
[2022-06-20T06:47:23.577+0000][gc,heap       ] GC(6) Old regions: 8->11
[2022-06-20T06:47:23.577+0000][gc,heap       ] GC(6) Humongous regions: 129->129
[2022-06-20T06:47:23.577+0000][gc,metaspace  ] GC(6) Metaspace: 46620K->46620K(1091584K)
[2022-06-20T06:47:23.577+0000][gc            ] GC(6) Pause Young (Normal) (G1 Evacuation Pause) 187M->145M(1024M) 4.855ms
[2022-06-20T06:47:23.577+0000][gc,cpu        ] GC(6) User=0.02s Sys=0.00s Real=0.00s
[2022-06-20T06:58:22.311+0000][gc,start      ] GC(7) Pause Young (Normal) (G1 Evacuation Pause)
[2022-06-20T06:58:22.311+0000][gc,task       ] GC(7) Using 6 workers of 6 for evacuation
[2022-06-20T06:58:22.315+0000][gc,phases     ] GC(7)   Pre Evacuate Collection Set: 0.1ms
[2022-06-20T06:58:22.315+0000][gc,phases     ] GC(7)   Evacuate Collection Set: 3.0ms
[2022-06-20T06:58:22.315+0000][gc,phases     ] GC(7)   Post Evacuate Collection Set: 0.4ms
[2022-06-20T06:58:22.315+0000][gc,phases     ] GC(7)   Other: 0.2ms
[2022-06-20T06:58:22.315+0000][gc,heap       ] GC(7) Eden regions: 44->0(48)
[2022-06-20T06:58:22.315+0000][gc,heap       ] GC(7) Survivor regions: 7->3(7)
[2022-06-20T06:58:22.315+0000][gc,heap       ] GC(7) Old regions: 11->14
[2022-06-20T06:58:22.315+0000][gc,heap       ] GC(7) Humongous regions: 129->129
[2022-06-20T06:58:22.315+0000][gc,metaspace  ] GC(7) Metaspace: 46858K->46858K(1091584K)
[2022-06-20T06:58:22.315+0000][gc            ] GC(7) Pause Young (Normal) (G1 Evacuation Pause) 189M->145M(1024M) 3.752ms
[2022-06-20T06:58:22.315+0000][gc,cpu        ] GC(7) User=0.02s Sys=0.00s Real=0.00s
[2022-06-20T07:10:29.397+0000][gc,start      ] GC(8) Pause Young (Normal) (G1 Evacuation Pause)
[2022-06-20T07:10:29.397+0000][gc,task       ] GC(8) Using 6 workers of 6 for evacuation
[2022-06-20T07:10:29.399+0000][gc,phases     ] GC(8)   Pre Evacuate Collection Set: 0.0ms
[2022-06-20T07:10:29.399+0000][gc,phases     ] GC(8)   Evacuate Collection Set: 2.0ms
[2022-06-20T07:10:29.399+0000][gc,phases     ] GC(8)   Post Evacuate Collection Set: 0.4ms
[2022-06-20T07:10:29.399+0000][gc,phases     ] GC(8)   Other: 0.2ms
[2022-06-20T07:10:29.399+0000][gc,heap       ] GC(8) Eden regions: 48->0(47)
[2022-06-20T07:10:29.399+0000][gc,heap       ] GC(8) Survivor regions: 3->4(7)
[2022-06-20T07:10:29.399+0000][gc,heap       ] GC(8) Old regions: 14->14
[2022-06-20T07:10:29.399+0000][gc,heap       ] GC(8) Humongous regions: 129->129
[2022-06-20T07:10:29.399+0000][gc,metaspace  ] GC(8) Metaspace: 47028K->47028K(1091584K)
[2022-06-20T07:10:29.399+0000][gc            ] GC(8) Pause Young (Normal) (G1 Evacuation Pause) 193M->145M(1024M) 2.653ms
[2022-06-20T07:10:29.399+0000][gc,cpu        ] GC(8) User=0.01s Sys=0.00s Real=0.00s
[2022-06-20T07:23:12.529+0000][gc,start      ] GC(9) Pause Young (Normal) (G1 Evacuation Pause)
[2022-06-20T07:23:12.530+0000][gc,task       ] GC(9) Using 6 workers of 6 for evacuation
[2022-06-20T07:23:12.532+0000][gc,phases     ] GC(9)   Pre Evacuate Collection Set: 0.0ms
[2022-06-20T07:23:12.532+0000][gc,phases     ] GC(9)   Evacuate Collection Set: 1.9ms
[2022-06-20T07:23:12.532+0000][gc,phases     ] GC(9)   Post Evacuate Collection Set: 0.4ms
[2022-06-20T07:23:12.532+0000][gc,phases     ] GC(9)   Other: 0.2ms
[2022-06-20T07:23:12.532+0000][gc,heap       ] GC(9) Eden regions: 47->0(186)
[2022-06-20T07:23:12.532+0000][gc,heap       ] GC(9) Survivor regions: 4->3(7)
[2022-06-20T07:23:12.532+0000][gc,heap       ] GC(9) Old regions: 14->14
[2022-06-20T07:23:12.532+0000][gc,heap       ] GC(9) Humongous regions: 129->129
[2022-06-20T07:23:12.532+0000][gc,metaspace  ] GC(9) Metaspace: 47078K->47078K(1091584K)
[2022-06-20T07:23:12.532+0000][gc            ] GC(9) Pause Young (Normal) (G1 Evacuation Pause) 192M->145M(1024M) 2.528ms
[2022-06-20T07:23:12.532+0000][gc,cpu        ] GC(9) User=0.01s Sys=0.01s Real=0.00s
[2022-06-20T08:12:36.258+0000][gc,start      ] GC(10) Pause Young (Normal) (G1 Evacuation Pause)
[2022-06-20T08:12:36.258+0000][gc,task       ] GC(10) Using 6 workers of 6 for evacuation
[2022-06-20T08:12:36.261+0000][gc,phases     ] GC(10)   Pre Evacuate Collection Set: 0.0ms
[2022-06-20T08:12:36.261+0000][gc,phases     ] GC(10)   Evacuate Collection Set: 2.1ms
[2022-06-20T08:12:36.261+0000][gc,phases     ] GC(10)   Post Evacuate Collection Set: 0.4ms
[2022-06-20T08:12:36.261+0000][gc,phases     ] GC(10)   Other: 0.5ms
[2022-06-20T08:12:36.261+0000][gc,heap       ] GC(10) Eden regions: 186->0(214)
[2022-06-20T08:12:36.261+0000][gc,heap       ] GC(10) Survivor regions: 3->3(24)
[2022-06-20T08:12:36.261+0000][gc,heap       ] GC(10) Old regions: 14->14
[2022-06-20T08:12:36.261+0000][gc,heap       ] GC(10) Humongous regions: 129->129
[2022-06-20T08:12:36.261+0000][gc,metaspace  ] GC(10) Metaspace: 47287K->47287K(1091584K)
[2022-06-20T08:12:36.261+0000][gc            ] GC(10) Pause Young (Normal) (G1 Evacuation Pause) 331M->145M(1024M) 3.059ms
[2022-06-20T08:12:36.261+0000][gc,cpu        ] GC(10) User=0.01s Sys=0.00s Real=0.00s
