[2022-06-17T04:59:02.024+0000][gc,heap] Heap region size: 1M
[2022-06-17T04:59:02.031+0000][gc     ] Using G1
[2022-06-17T04:59:02.031+0000][gc,heap,coops] Heap address: 0x00000000c0000000, size: 1024 MB, Compressed Oops mode: 32-bit
[2022-06-17T04:59:02.910+0000][gc,start     ] GC(0) Pause Young (Concurrent Start) (Metadata GC Threshold)
[2022-06-17T04:59:02.910+0000][gc,task      ] GC(0) Using 6 workers of 6 for evacuation
[2022-06-17T04:59:02.917+0000][gc,phases    ] GC(0)   Pre Evacuate Collection Set: 0.0ms
[2022-06-17T04:59:02.917+0000][gc,phases    ] GC(0)   Evacuate Collection Set: 5.8ms
[2022-06-17T04:59:02.917+0000][gc,phases    ] GC(0)   Post Evacuate Collection Set: 0.4ms
[2022-06-17T04:59:02.917+0000][gc,phases    ] GC(0)   Other: 0.7ms
[2022-06-17T04:59:02.917+0000][gc,heap      ] GC(0) Eden regions: 38->0(44)
[2022-06-17T04:59:02.917+0000][gc,heap      ] GC(0) Survivor regions: 0->7(7)
[2022-06-17T04:59:02.917+0000][gc,heap      ] GC(0) Old regions: 0->0
[2022-06-17T04:59:02.917+0000][gc,heap      ] GC(0) Humongous regions: 0->0
[2022-06-17T04:59:02.917+0000][gc,metaspace ] GC(0) Metaspace: 20722K->20722K(1069056K)
[2022-06-17T04:59:02.917+0000][gc           ] GC(0) Pause Young (Concurrent Start) (Metadata GC Threshold) 37M->6M(1024M) 6.979ms
[2022-06-17T04:59:02.917+0000][gc,cpu       ] GC(0) User=0.01s Sys=0.00s Real=0.01s
[2022-06-17T04:59:02.917+0000][gc           ] GC(1) Concurrent Cycle
[2022-06-17T04:59:02.917+0000][gc,marking   ] GC(1) Concurrent Clear Claimed Marks
[2022-06-17T04:59:02.917+0000][gc,marking   ] GC(1) Concurrent Clear Claimed Marks 0.016ms
[2022-06-17T04:59:02.917+0000][gc,marking   ] GC(1) Concurrent Scan Root Regions
[2022-06-17T04:59:02.918+0000][gc,marking   ] GC(1) Concurrent Scan Root Regions 1.232ms
[2022-06-17T04:59:02.918+0000][gc,marking   ] GC(1) Concurrent Mark (0.897s)
[2022-06-17T04:59:02.918+0000][gc,marking   ] GC(1) Concurrent Mark From Roots
[2022-06-17T04:59:02.918+0000][gc,task      ] GC(1) Using 2 workers of 2 for marking
[2022-06-17T04:59:02.918+0000][gc,marking   ] GC(1) Concurrent Mark From Roots 0.215ms
[2022-06-17T04:59:02.918+0000][gc,marking   ] GC(1) Concurrent Preclean
[2022-06-17T04:59:02.919+0000][gc,marking   ] GC(1) Concurrent Preclean 0.031ms
[2022-06-17T04:59:02.919+0000][gc,marking   ] GC(1) Concurrent Mark (0.897s, 0.897s) 0.276ms
[2022-06-17T04:59:02.919+0000][gc,start     ] GC(1) Pause Remark
[2022-06-17T04:59:02.920+0000][gc,stringtable] GC(1) Cleaned string and symbol table, strings: 7270 processed, 0 removed, symbols: 63200 processed, 41 removed
[2022-06-17T04:59:02.920+0000][gc            ] GC(1) Pause Remark 6M->6M(1024M) 1.513ms
[2022-06-17T04:59:02.920+0000][gc,cpu        ] GC(1) User=0.01s Sys=0.00s Real=0.00s
[2022-06-17T04:59:02.920+0000][gc,marking    ] GC(1) Concurrent Rebuild Remembered Sets
[2022-06-17T04:59:02.920+0000][gc,marking    ] GC(1) Concurrent Rebuild Remembered Sets 0.083ms
[2022-06-17T04:59:02.921+0000][gc,start      ] GC(1) Pause Cleanup
[2022-06-17T04:59:02.921+0000][gc            ] GC(1) Pause Cleanup 6M->6M(1024M) 0.208ms
[2022-06-17T04:59:02.921+0000][gc,cpu        ] GC(1) User=0.00s Sys=0.00s Real=0.00s
[2022-06-17T04:59:02.921+0000][gc,marking    ] GC(1) Concurrent Cleanup for Next Mark
[2022-06-17T04:59:02.924+0000][gc,marking    ] GC(1) Concurrent Cleanup for Next Mark 2.954ms
[2022-06-17T04:59:02.924+0000][gc            ] GC(1) Concurrent Cycle 6.816ms
[2022-06-17T04:59:03.521+0000][gc,start      ] GC(2) Pause Young (Normal) (G1 Evacuation Pause)
[2022-06-17T04:59:03.521+0000][gc,task       ] GC(2) Using 6 workers of 6 for evacuation
[2022-06-17T04:59:03.525+0000][gc,phases     ] GC(2)   Pre Evacuate Collection Set: 0.0ms
[2022-06-17T04:59:03.525+0000][gc,phases     ] GC(2)   Evacuate Collection Set: 3.9ms
[2022-06-17T04:59:03.525+0000][gc,phases     ] GC(2)   Post Evacuate Collection Set: 0.4ms
[2022-06-17T04:59:03.525+0000][gc,phases     ] GC(2)   Other: 0.1ms
[2022-06-17T04:59:03.525+0000][gc,heap       ] GC(2) Eden regions: 44->0(48)
[2022-06-17T04:59:03.525+0000][gc,heap       ] GC(2) Survivor regions: 7->3(7)
[2022-06-17T04:59:03.525+0000][gc,heap       ] GC(2) Old regions: 0->7
[2022-06-17T04:59:03.525+0000][gc,heap       ] GC(2) Humongous regions: 129->129
[2022-06-17T04:59:03.525+0000][gc,metaspace  ] GC(2) Metaspace: 31107K->31107K(1077248K)
[2022-06-17T04:59:03.525+0000][gc            ] GC(2) Pause Young (Normal) (G1 Evacuation Pause) 179M->137M(1024M) 4.463ms
[2022-06-17T04:59:03.525+0000][gc,cpu        ] GC(2) User=0.02s Sys=0.00s Real=0.01s
[2022-06-17T04:59:03.808+0000][gc,start      ] GC(3) Pause Young (Concurrent Start) (Metadata GC Threshold)
[2022-06-17T04:59:03.808+0000][gc,task       ] GC(3) Using 6 workers of 6 for evacuation
[2022-06-17T04:59:03.812+0000][gc,phases     ] GC(3)   Pre Evacuate Collection Set: 0.1ms
[2022-06-17T04:59:03.812+0000][gc,phases     ] GC(3)   Evacuate Collection Set: 2.8ms
[2022-06-17T04:59:03.812+0000][gc,phases     ] GC(3)   Post Evacuate Collection Set: 0.3ms
[2022-06-17T04:59:03.812+0000][gc,phases     ] GC(3)   Other: 0.2ms
[2022-06-17T04:59:03.812+0000][gc,heap       ] GC(3) Eden regions: 23->0(46)
[2022-06-17T04:59:03.812+0000][gc,heap       ] GC(3) Survivor regions: 3->5(7)
[2022-06-17T04:59:03.812+0000][gc,heap       ] GC(3) Old regions: 7->7
[2022-06-17T04:59:03.812+0000][gc,heap       ] GC(3) Humongous regions: 129->129
[2022-06-17T04:59:03.812+0000][gc,metaspace  ] GC(3) Metaspace: 34974K->34974K(1081344K)
[2022-06-17T04:59:03.812+0000][gc            ] GC(3) Pause Young (Concurrent Start) (Metadata GC Threshold) 159M->139M(1024M) 3.454ms
[2022-06-17T04:59:03.812+0000][gc,cpu        ] GC(3) User=0.02s Sys=0.00s Real=0.00s
[2022-06-17T04:59:03.812+0000][gc            ] GC(4) Concurrent Cycle
[2022-06-17T04:59:03.812+0000][gc,marking    ] GC(4) Concurrent Clear Claimed Marks
[2022-06-17T04:59:03.812+0000][gc,marking    ] GC(4) Concurrent Clear Claimed Marks 0.026ms
[2022-06-17T04:59:03.812+0000][gc,marking    ] GC(4) Concurrent Scan Root Regions
[2022-06-17T04:59:03.813+0000][gc,marking    ] GC(4) Concurrent Scan Root Regions 1.247ms
[2022-06-17T04:59:03.813+0000][gc,marking    ] GC(4) Concurrent Mark (1.792s)
[2022-06-17T04:59:03.813+0000][gc,marking    ] GC(4) Concurrent Mark From Roots
[2022-06-17T04:59:03.813+0000][gc,task       ] GC(4) Using 2 workers of 2 for marking
[2022-06-17T04:59:03.817+0000][gc,marking    ] GC(4) Concurrent Mark From Roots 3.431ms
[2022-06-17T04:59:03.817+0000][gc,marking    ] GC(4) Concurrent Preclean
[2022-06-17T04:59:03.817+0000][gc,marking    ] GC(4) Concurrent Preclean 0.083ms
[2022-06-17T04:59:03.817+0000][gc,marking    ] GC(4) Concurrent Mark (1.792s, 1.796s) 3.566ms
[2022-06-17T04:59:03.817+0000][gc,start      ] GC(4) Pause Remark
[2022-06-17T04:59:03.818+0000][gc,stringtable] GC(4) Cleaned string and symbol table, strings: 13422 processed, 6 removed, symbols: 98719 processed, 24 removed
[2022-06-17T04:59:03.819+0000][gc            ] GC(4) Pause Remark 140M->140M(1024M) 1.741ms
[2022-06-17T04:59:03.819+0000][gc,cpu        ] GC(4) User=0.01s Sys=0.00s Real=0.00s
[2022-06-17T04:59:03.819+0000][gc,marking    ] GC(4) Concurrent Rebuild Remembered Sets
[2022-06-17T04:59:03.821+0000][gc,marking    ] GC(4) Concurrent Rebuild Remembered Sets 2.002ms
[2022-06-17T04:59:03.821+0000][gc,start      ] GC(4) Pause Cleanup
[2022-06-17T04:59:03.821+0000][gc            ] GC(4) Pause Cleanup 140M->140M(1024M) 0.156ms
[2022-06-17T04:59:03.821+0000][gc,cpu        ] GC(4) User=0.00s Sys=0.00s Real=0.00s
[2022-06-17T04:59:03.821+0000][gc,marking    ] GC(4) Concurrent Cleanup for Next Mark
[2022-06-17T04:59:03.824+0000][gc,marking    ] GC(4) Concurrent Cleanup for Next Mark 2.587ms
[2022-06-17T04:59:03.824+0000][gc            ] GC(4) Concurrent Cycle 12.168ms
[2022-06-17T04:59:35.633+0000][gc,start      ] GC(5) Pause Young (Normal) (G1 Evacuation Pause)
[2022-06-17T04:59:35.633+0000][gc,task       ] GC(5) Using 6 workers of 6 for evacuation
[2022-06-17T04:59:35.637+0000][gc,phases     ] GC(5)   Pre Evacuate Collection Set: 0.0ms
[2022-06-17T04:59:35.637+0000][gc,phases     ] GC(5)   Evacuate Collection Set: 3.2ms
[2022-06-17T04:59:35.637+0000][gc,phases     ] GC(5)   Post Evacuate Collection Set: 0.4ms
[2022-06-17T04:59:35.637+0000][gc,phases     ] GC(5)   Other: 0.2ms
[2022-06-17T04:59:35.637+0000][gc,heap       ] GC(5) Eden regions: 46->0(46)
[2022-06-17T04:59:35.637+0000][gc,heap       ] GC(5) Survivor regions: 5->5(7)
[2022-06-17T04:59:35.637+0000][gc,heap       ] GC(5) Old regions: 7->9
[2022-06-17T04:59:35.637+0000][gc,heap       ] GC(5) Humongous regions: 129->129
[2022-06-17T04:59:35.637+0000][gc,metaspace  ] GC(5) Metaspace: 43496K->43496K(1089536K)
[2022-06-17T04:59:35.637+0000][gc            ] GC(5) Pause Young (Normal) (G1 Evacuation Pause) 185M->142M(1024M) 3.924ms
[2022-06-17T04:59:35.637+0000][gc,cpu        ] GC(5) User=0.02s Sys=0.00s Real=0.01s
[2022-06-17T05:06:03.963+0000][gc,start      ] GC(6) Pause Young (Normal) (G1 Evacuation Pause)
[2022-06-17T05:06:03.963+0000][gc,task       ] GC(6) Using 6 workers of 6 for evacuation
[2022-06-17T05:06:03.967+0000][gc,phases     ] GC(6)   Pre Evacuate Collection Set: 0.1ms
[2022-06-17T05:06:03.967+0000][gc,phases     ] GC(6)   Evacuate Collection Set: 3.6ms
[2022-06-17T05:06:03.967+0000][gc,phases     ] GC(6)   Post Evacuate Collection Set: 0.5ms
[2022-06-17T05:06:03.967+0000][gc,phases     ] GC(6)   Other: 0.2ms
[2022-06-17T05:06:03.967+0000][gc,heap       ] GC(6) Eden regions: 46->0(45)
[2022-06-17T05:06:03.967+0000][gc,heap       ] GC(6) Survivor regions: 5->6(7)
[2022-06-17T05:06:03.967+0000][gc,heap       ] GC(6) Old regions: 9->11
[2022-06-17T05:06:03.967+0000][gc,heap       ] GC(6) Humongous regions: 129->129
[2022-06-17T05:06:03.967+0000][gc,metaspace  ] GC(6) Metaspace: 46942K->46942K(1091584K)
[2022-06-17T05:06:03.967+0000][gc            ] GC(6) Pause Young (Normal) (G1 Evacuation Pause) 188M->145M(1024M) 4.395ms
[2022-06-17T05:06:03.967+0000][gc,cpu        ] GC(6) User=0.02s Sys=0.00s Real=0.00s
[2022-06-17T05:17:05.216+0000][gc,start      ] GC(7) Pause Young (Normal) (G1 Evacuation Pause)
[2022-06-17T05:17:05.216+0000][gc,task       ] GC(7) Using 6 workers of 6 for evacuation
[2022-06-17T05:17:05.219+0000][gc,phases     ] GC(7)   Pre Evacuate Collection Set: 0.0ms
[2022-06-17T05:17:05.219+0000][gc,phases     ] GC(7)   Evacuate Collection Set: 2.4ms
[2022-06-17T05:17:05.219+0000][gc,phases     ] GC(7)   Post Evacuate Collection Set: 0.4ms
[2022-06-17T05:17:05.219+0000][gc,phases     ] GC(7)   Other: 0.2ms
[2022-06-17T05:17:05.219+0000][gc,heap       ] GC(7) Eden regions: 45->0(48)
[2022-06-17T05:17:05.219+0000][gc,heap       ] GC(7) Survivor regions: 6->3(7)
[2022-06-17T05:17:05.219+0000][gc,heap       ] GC(7) Old regions: 11->14
[2022-06-17T05:17:05.219+0000][gc,heap       ] GC(7) Humongous regions: 129->129
[2022-06-17T05:17:05.219+0000][gc,metaspace  ] GC(7) Metaspace: 47165K->47165K(1091584K)
[2022-06-17T05:17:05.219+0000][gc            ] GC(7) Pause Young (Normal) (G1 Evacuation Pause) 190M->145M(1024M) 2.956ms
[2022-06-17T05:17:05.219+0000][gc,cpu        ] GC(7) User=0.02s Sys=0.00s Real=0.00s
[2022-06-17T05:29:12.952+0000][gc,start      ] GC(8) Pause Young (Normal) (G1 Evacuation Pause)
[2022-06-17T05:29:12.952+0000][gc,task       ] GC(8) Using 6 workers of 6 for evacuation
[2022-06-17T05:29:12.955+0000][gc,phases     ] GC(8)   Pre Evacuate Collection Set: 0.0ms
[2022-06-17T05:29:12.955+0000][gc,phases     ] GC(8)   Evacuate Collection Set: 2.3ms
[2022-06-17T05:29:12.955+0000][gc,phases     ] GC(8)   Post Evacuate Collection Set: 0.6ms
[2022-06-17T05:29:12.955+0000][gc,phases     ] GC(8)   Other: 0.2ms
[2022-06-17T05:29:12.955+0000][gc,heap       ] GC(8) Eden regions: 48->0(47)
[2022-06-17T05:29:12.955+0000][gc,heap       ] GC(8) Survivor regions: 3->4(7)
[2022-06-17T05:29:12.955+0000][gc,heap       ] GC(8) Old regions: 14->14
[2022-06-17T05:29:12.955+0000][gc,heap       ] GC(8) Humongous regions: 129->129
[2022-06-17T05:29:12.955+0000][gc,metaspace  ] GC(8) Metaspace: 47387K->47387K(1091584K)
[2022-06-17T05:29:12.955+0000][gc            ] GC(8) Pause Young (Normal) (G1 Evacuation Pause) 193M->145M(1024M) 3.110ms
[2022-06-17T05:29:12.955+0000][gc,cpu        ] GC(8) User=0.02s Sys=0.00s Real=0.01s
[2022-06-17T05:41:32.487+0000][gc,start      ] GC(9) Pause Young (Normal) (G1 Evacuation Pause)
[2022-06-17T05:41:32.487+0000][gc,task       ] GC(9) Using 6 workers of 6 for evacuation
[2022-06-17T05:41:32.490+0000][gc,phases     ] GC(9)   Pre Evacuate Collection Set: 0.0ms
[2022-06-17T05:41:32.490+0000][gc,phases     ] GC(9)   Evacuate Collection Set: 2.3ms
[2022-06-17T05:41:32.490+0000][gc,phases     ] GC(9)   Post Evacuate Collection Set: 0.5ms
[2022-06-17T05:41:32.490+0000][gc,phases     ] GC(9)   Other: 0.2ms
[2022-06-17T05:41:32.490+0000][gc,heap       ] GC(9) Eden regions: 47->0(52)
[2022-06-17T05:41:32.490+0000][gc,heap       ] GC(9) Survivor regions: 4->4(7)
[2022-06-17T05:41:32.490+0000][gc,heap       ] GC(9) Old regions: 14->14
[2022-06-17T05:41:32.490+0000][gc,heap       ] GC(9) Humongous regions: 129->129
[2022-06-17T05:41:32.490+0000][gc,metaspace  ] GC(9) Metaspace: 47461K->47461K(1091584K)
[2022-06-17T05:41:32.490+0000][gc            ] GC(9) Pause Young (Normal) (G1 Evacuation Pause) 192M->146M(1024M) 3.055ms
[2022-06-17T05:41:32.490+0000][gc,cpu        ] GC(9) User=0.02s Sys=0.01s Real=0.00s
[2022-06-17T05:55:33.362+0000][gc,start      ] GC(10) Pause Young (Normal) (G1 Evacuation Pause)
[2022-06-17T05:55:33.362+0000][gc,task       ] GC(10) Using 6 workers of 6 for evacuation
[2022-06-17T05:55:33.365+0000][gc,phases     ] GC(10)   Pre Evacuate Collection Set: 0.0ms
[2022-06-17T05:55:33.365+0000][gc,phases     ] GC(10)   Evacuate Collection Set: 2.1ms
[2022-06-17T05:55:33.365+0000][gc,phases     ] GC(10)   Post Evacuate Collection Set: 0.4ms
[2022-06-17T05:55:33.365+0000][gc,phases     ] GC(10)   Other: 0.2ms
[2022-06-17T05:55:33.365+0000][gc,heap       ] GC(10) Eden regions: 52->0(87)
[2022-06-17T05:55:33.365+0000][gc,heap       ] GC(10) Survivor regions: 4->3(7)
[2022-06-17T05:55:33.365+0000][gc,heap       ] GC(10) Old regions: 14->15
[2022-06-17T05:55:33.365+0000][gc,heap       ] GC(10) Humongous regions: 129->129
[2022-06-17T05:55:33.365+0000][gc,metaspace  ] GC(10) Metaspace: 47515K->47515K(1091584K)
[2022-06-17T05:55:33.365+0000][gc            ] GC(10) Pause Young (Normal) (G1 Evacuation Pause) 198M->146M(1024M) 2.715ms
[2022-06-17T05:55:33.365+0000][gc,cpu        ] GC(10) User=0.01s Sys=0.00s Real=0.01s
[2022-06-17T06:19:47.744+0000][gc,start      ] GC(11) Pause Young (Normal) (G1 Evacuation Pause)
[2022-06-17T06:19:47.744+0000][gc,task       ] GC(11) Using 6 workers of 6 for evacuation
[2022-06-17T06:19:47.747+0000][gc,phases     ] GC(11)   Pre Evacuate Collection Set: 0.0ms
[2022-06-17T06:19:47.747+0000][gc,phases     ] GC(11)   Evacuate Collection Set: 2.2ms
[2022-06-17T06:19:47.747+0000][gc,phases     ] GC(11)   Post Evacuate Collection Set: 0.4ms
[2022-06-17T06:19:47.747+0000][gc,phases     ] GC(11)   Other: 0.2ms
[2022-06-17T06:19:47.747+0000][gc,heap       ] GC(11) Eden regions: 87->0(121)
[2022-06-17T06:19:47.747+0000][gc,heap       ] GC(11) Survivor regions: 3->5(12)
[2022-06-17T06:19:47.747+0000][gc,heap       ] GC(11) Old regions: 15->15
[2022-06-17T06:19:47.747+0000][gc,heap       ] GC(11) Humongous regions: 129->129
[2022-06-17T06:19:47.747+0000][gc,metaspace  ] GC(11) Metaspace: 47622K->47622K(1091584K)
[2022-06-17T06:19:47.747+0000][gc            ] GC(11) Pause Young (Normal) (G1 Evacuation Pause) 233M->147M(1024M) 2.805ms
[2022-06-17T06:19:47.747+0000][gc,cpu        ] GC(11) User=0.01s Sys=0.00s Real=0.00s
[2022-06-17T06:52:11.587+0000][gc,start      ] GC(12) Pause Young (Normal) (G1 Evacuation Pause)
[2022-06-17T06:52:11.587+0000][gc,task       ] GC(12) Using 6 workers of 6 for evacuation
[2022-06-17T06:52:11.590+0000][gc,phases     ] GC(12)   Pre Evacuate Collection Set: 0.0ms
[2022-06-17T06:52:11.590+0000][gc,phases     ] GC(12)   Evacuate Collection Set: 2.6ms
[2022-06-17T06:52:11.590+0000][gc,phases     ] GC(12)   Post Evacuate Collection Set: 0.4ms
[2022-06-17T06:52:11.590+0000][gc,phases     ] GC(12)   Other: 0.4ms
[2022-06-17T06:52:11.590+0000][gc,heap       ] GC(12) Eden regions: 121->0(609)
[2022-06-17T06:52:11.590+0000][gc,heap       ] GC(12) Survivor regions: 5->5(16)
[2022-06-17T06:52:11.590+0000][gc,heap       ] GC(12) Old regions: 15->15
[2022-06-17T06:52:11.590+0000][gc,heap       ] GC(12) Humongous regions: 129->129
[2022-06-17T06:52:11.590+0000][gc,metaspace  ] GC(12) Metaspace: 47664K->47664K(1091584K)
[2022-06-17T06:52:11.590+0000][gc            ] GC(12) Pause Young (Normal) (G1 Evacuation Pause) 268M->147M(1024M) 3.545ms
[2022-06-17T06:52:11.590+0000][gc,cpu        ] GC(12) User=0.01s Sys=0.00s Real=0.00s
[2022-06-17T07:17:15.041+0000][gc,heap,exit  ] Heap
[2022-06-17T07:17:15.041+0000][gc,heap,exit  ]  garbage-first heap   total 1048576K, used 253627K [0x00000000c0000000, 0x0000000100000000)
[2022-06-17T07:17:15.041+0000][gc,heap,exit  ]   region size 1024K, 106 young (108544K), 5 survivors (5120K)
[2022-06-17T07:17:15.041+0000][gc,heap,exit  ]  Metaspace       used 48402K, capacity 50650K, committed 50864K, reserved 1093632K
[2022-06-17T07:17:15.041+0000][gc,heap,exit  ]   class space    used 5956K, capacity 6975K, committed 7088K, reserved 1048576K
