[2022-06-20T02:42:00.102+0000][gc,heap] Heap region size: 1M
[2022-06-20T02:42:00.109+0000][gc     ] Using G1
[2022-06-20T02:42:00.109+0000][gc,heap,coops] Heap address: 0x00000000c0000000, size: 1024 MB, Compressed Oops mode: 32-bit
[2022-06-20T02:42:01.068+0000][gc,start     ] GC(0) Pause Young (Concurrent Start) (Metadata GC Threshold)
[2022-06-20T02:42:01.069+0000][gc,task      ] GC(0) Using 6 workers of 6 for evacuation
[2022-06-20T02:42:01.078+0000][gc,phases    ] GC(0)   Pre Evacuate Collection Set: 0.8ms
[2022-06-20T02:42:01.078+0000][gc,phases    ] GC(0)   Evacuate Collection Set: 7.8ms
[2022-06-20T02:42:01.078+0000][gc,phases    ] GC(0)   Post Evacuate Collection Set: 0.6ms
[2022-06-20T02:42:01.078+0000][gc,phases    ] GC(0)   Other: 0.9ms
[2022-06-20T02:42:01.078+0000][gc,heap      ] GC(0) Eden regions: 38->0(44)
[2022-06-20T02:42:01.078+0000][gc,heap      ] GC(0) Survivor regions: 0->7(7)
[2022-06-20T02:42:01.078+0000][gc,heap      ] GC(0) Old regions: 0->0
[2022-06-20T02:42:01.078+0000][gc,heap      ] GC(0) Humongous regions: 0->0
[2022-06-20T02:42:01.078+0000][gc,metaspace ] GC(0) Metaspace: 20802K->20802K(1069056K)
[2022-06-20T02:42:01.079+0000][gc           ] GC(0) Pause Young (Concurrent Start) (Metadata GC Threshold) 38M->6M(1024M) 10.297ms
[2022-06-20T02:42:01.079+0000][gc,cpu       ] GC(0) User=0.02s Sys=0.00s Real=0.01s
[2022-06-20T02:42:01.079+0000][gc           ] GC(1) Concurrent Cycle
[2022-06-20T02:42:01.079+0000][gc,marking   ] GC(1) Concurrent Clear Claimed Marks
[2022-06-20T02:42:01.079+0000][gc,marking   ] GC(1) Concurrent Clear Claimed Marks 0.030ms
[2022-06-20T02:42:01.079+0000][gc,marking   ] GC(1) Concurrent Scan Root Regions
[2022-06-20T02:42:01.080+0000][gc,marking   ] GC(1) Concurrent Scan Root Regions 1.590ms
[2022-06-20T02:42:01.081+0000][gc,marking   ] GC(1) Concurrent Mark (0.982s)
[2022-06-20T02:42:01.081+0000][gc,marking   ] GC(1) Concurrent Mark From Roots
[2022-06-20T02:42:01.081+0000][gc,task      ] GC(1) Using 2 workers of 2 for marking
[2022-06-20T02:42:01.081+0000][gc,marking   ] GC(1) Concurrent Mark From Roots 0.327ms
[2022-06-20T02:42:01.081+0000][gc,marking   ] GC(1) Concurrent Preclean
[2022-06-20T02:42:01.081+0000][gc,marking   ] GC(1) Concurrent Preclean 0.048ms
[2022-06-20T02:42:01.081+0000][gc,marking   ] GC(1) Concurrent Mark (0.982s, 0.982s) 0.424ms
[2022-06-20T02:42:01.081+0000][gc,start     ] GC(1) Pause Remark
[2022-06-20T02:42:01.083+0000][gc,stringtable] GC(1) Cleaned string and symbol table, strings: 7281 processed, 0 removed, symbols: 63236 processed, 40 removed
[2022-06-20T02:42:01.083+0000][gc            ] GC(1) Pause Remark 6M->6M(1024M) 1.704ms
[2022-06-20T02:42:01.083+0000][gc,cpu        ] GC(1) User=0.00s Sys=0.00s Real=0.00s
[2022-06-20T02:42:01.083+0000][gc,marking    ] GC(1) Concurrent Rebuild Remembered Sets
[2022-06-20T02:42:01.083+0000][gc,marking    ] GC(1) Concurrent Rebuild Remembered Sets 0.105ms
[2022-06-20T02:42:01.083+0000][gc,start      ] GC(1) Pause Cleanup
[2022-06-20T02:42:01.083+0000][gc            ] GC(1) Pause Cleanup 6M->6M(1024M) 0.199ms
[2022-06-20T02:42:01.083+0000][gc,cpu        ] GC(1) User=0.00s Sys=0.00s Real=0.00s
[2022-06-20T02:42:01.083+0000][gc,marking    ] GC(1) Concurrent Cleanup for Next Mark
[2022-06-20T02:42:01.086+0000][gc,marking    ] GC(1) Concurrent Cleanup for Next Mark 3.097ms
[2022-06-20T02:42:01.087+0000][gc            ] GC(1) Concurrent Cycle 7.889ms
[2022-06-20T02:42:01.782+0000][gc,start      ] GC(2) Pause Young (Normal) (G1 Evacuation Pause)
[2022-06-20T02:42:01.782+0000][gc,task       ] GC(2) Using 6 workers of 6 for evacuation
[2022-06-20T02:42:01.788+0000][gc,phases     ] GC(2)   Pre Evacuate Collection Set: 0.0ms
[2022-06-20T02:42:01.788+0000][gc,phases     ] GC(2)   Evacuate Collection Set: 5.0ms
[2022-06-20T02:42:01.788+0000][gc,phases     ] GC(2)   Post Evacuate Collection Set: 0.5ms
[2022-06-20T02:42:01.788+0000][gc,phases     ] GC(2)   Other: 0.1ms
[2022-06-20T02:42:01.788+0000][gc,heap       ] GC(2) Eden regions: 44->0(48)
[2022-06-20T02:42:01.788+0000][gc,heap       ] GC(2) Survivor regions: 7->3(7)
[2022-06-20T02:42:01.788+0000][gc,heap       ] GC(2) Old regions: 0->7
[2022-06-20T02:42:01.788+0000][gc,heap       ] GC(2) Humongous regions: 129->129
[2022-06-20T02:42:01.788+0000][gc,metaspace  ] GC(2) Metaspace: 31104K->31104K(1077248K)
[2022-06-20T02:42:01.788+0000][gc            ] GC(2) Pause Young (Normal) (G1 Evacuation Pause) 179M->137M(1024M) 5.748ms
[2022-06-20T02:42:01.788+0000][gc,cpu        ] GC(2) User=0.02s Sys=0.00s Real=0.00s
[2022-06-20T02:42:02.111+0000][gc,start      ] GC(3) Pause Young (Concurrent Start) (Metadata GC Threshold)
[2022-06-20T02:42:02.111+0000][gc,task       ] GC(3) Using 6 workers of 6 for evacuation
[2022-06-20T02:42:02.115+0000][gc,phases     ] GC(3)   Pre Evacuate Collection Set: 0.1ms
[2022-06-20T02:42:02.115+0000][gc,phases     ] GC(3)   Evacuate Collection Set: 2.7ms
[2022-06-20T02:42:02.115+0000][gc,phases     ] GC(3)   Post Evacuate Collection Set: 0.3ms
[2022-06-20T02:42:02.115+0000][gc,phases     ] GC(3)   Other: 0.2ms
[2022-06-20T02:42:02.115+0000][gc,heap       ] GC(3) Eden regions: 23->0(46)
[2022-06-20T02:42:02.115+0000][gc,heap       ] GC(3) Survivor regions: 3->5(7)
[2022-06-20T02:42:02.115+0000][gc,heap       ] GC(3) Old regions: 7->7
[2022-06-20T02:42:02.115+0000][gc,heap       ] GC(3) Humongous regions: 129->129
[2022-06-20T02:42:02.115+0000][gc,metaspace  ] GC(3) Metaspace: 34962K->34962K(1081344K)
[2022-06-20T02:42:02.115+0000][gc            ] GC(3) Pause Young (Concurrent Start) (Metadata GC Threshold) 160M->139M(1024M) 3.412ms
[2022-06-20T02:42:02.115+0000][gc,cpu        ] GC(3) User=0.01s Sys=0.00s Real=0.00s
[2022-06-20T02:42:02.115+0000][gc            ] GC(4) Concurrent Cycle
[2022-06-20T02:42:02.115+0000][gc,marking    ] GC(4) Concurrent Clear Claimed Marks
[2022-06-20T02:42:02.115+0000][gc,marking    ] GC(4) Concurrent Clear Claimed Marks 0.022ms
[2022-06-20T02:42:02.115+0000][gc,marking    ] GC(4) Concurrent Scan Root Regions
[2022-06-20T02:42:02.116+0000][gc,marking    ] GC(4) Concurrent Scan Root Regions 1.075ms
[2022-06-20T02:42:02.116+0000][gc,marking    ] GC(4) Concurrent Mark (2.017s)
[2022-06-20T02:42:02.116+0000][gc,marking    ] GC(4) Concurrent Mark From Roots
[2022-06-20T02:42:02.116+0000][gc,task       ] GC(4) Using 2 workers of 2 for marking
[2022-06-20T02:42:02.119+0000][gc,marking    ] GC(4) Concurrent Mark From Roots 2.804ms
[2022-06-20T02:42:02.119+0000][gc,marking    ] GC(4) Concurrent Preclean
[2022-06-20T02:42:02.119+0000][gc,marking    ] GC(4) Concurrent Preclean 0.049ms
[2022-06-20T02:42:02.119+0000][gc,marking    ] GC(4) Concurrent Mark (2.017s, 2.020s) 2.897ms
[2022-06-20T02:42:02.119+0000][gc,start      ] GC(4) Pause Remark
[2022-06-20T02:42:02.121+0000][gc,stringtable] GC(4) Cleaned string and symbol table, strings: 13320 processed, 7 removed, symbols: 98720 processed, 27 removed
[2022-06-20T02:42:02.121+0000][gc            ] GC(4) Pause Remark 140M->140M(1024M) 1.889ms
[2022-06-20T02:42:02.121+0000][gc,cpu        ] GC(4) User=0.01s Sys=0.00s Real=0.01s
[2022-06-20T02:42:02.121+0000][gc,marking    ] GC(4) Concurrent Rebuild Remembered Sets
[2022-06-20T02:42:02.123+0000][gc,marking    ] GC(4) Concurrent Rebuild Remembered Sets 1.979ms
[2022-06-20T02:42:02.123+0000][gc,start      ] GC(4) Pause Cleanup
[2022-06-20T02:42:02.124+0000][gc            ] GC(4) Pause Cleanup 140M->140M(1024M) 0.167ms
[2022-06-20T02:42:02.124+0000][gc,cpu        ] GC(4) User=0.00s Sys=0.00s Real=0.00s
[2022-06-20T02:42:02.124+0000][gc,marking    ] GC(4) Concurrent Cleanup for Next Mark
[2022-06-20T02:42:02.126+0000][gc,marking    ] GC(4) Concurrent Cleanup for Next Mark 2.808ms
[2022-06-20T02:42:02.127+0000][gc            ] GC(4) Concurrent Cycle 11.677ms
