[2022-06-21T03:33:45.437+0000][gc,heap] Heap region size: 1M
[2022-06-21T03:33:45.444+0000][gc     ] Using G1
[2022-06-21T03:33:45.444+0000][gc,heap,coops] Heap address: 0x00000000c0000000, size: 1024 MB, Compressed Oops mode: 32-bit
[2022-06-21T03:33:46.265+0000][gc,start     ] GC(0) Pause Young (Concurrent Start) (Metadata GC Threshold)
[2022-06-21T03:33:46.266+0000][gc,task      ] GC(0) Using 6 workers of 6 for evacuation
[2022-06-21T03:33:46.271+0000][gc,phases    ] GC(0)   Pre Evacuate Collection Set: 0.0ms
[2022-06-21T03:33:46.271+0000][gc,phases    ] GC(0)   Evacuate Collection Set: 4.6ms
[2022-06-21T03:33:46.271+0000][gc,phases    ] GC(0)   Post Evacuate Collection Set: 0.3ms
[2022-06-21T03:33:46.271+0000][gc,phases    ] GC(0)   Other: 0.8ms
[2022-06-21T03:33:46.271+0000][gc,heap      ] GC(0) Eden regions: 38->0(44)
[2022-06-21T03:33:46.271+0000][gc,heap      ] GC(0) Survivor regions: 0->7(7)
[2022-06-21T03:33:46.271+0000][gc,heap      ] GC(0) Old regions: 0->0
[2022-06-21T03:33:46.271+0000][gc,heap      ] GC(0) Humongous regions: 0->0
[2022-06-21T03:33:46.271+0000][gc,metaspace ] GC(0) Metaspace: 20816K->20816K(1069056K)
[2022-06-21T03:33:46.271+0000][gc           ] GC(0) Pause Young (Concurrent Start) (Metadata GC Threshold) 38M->6M(1024M) 5.859ms
[2022-06-21T03:33:46.271+0000][gc,cpu       ] GC(0) User=0.01s Sys=0.00s Real=0.01s
[2022-06-21T03:33:46.271+0000][gc           ] GC(1) Concurrent Cycle
[2022-06-21T03:33:46.271+0000][gc,marking   ] GC(1) Concurrent Clear Claimed Marks
[2022-06-21T03:33:46.271+0000][gc,marking   ] GC(1) Concurrent Clear Claimed Marks 0.012ms
[2022-06-21T03:33:46.271+0000][gc,marking   ] GC(1) Concurrent Scan Root Regions
[2022-06-21T03:33:46.273+0000][gc,marking   ] GC(1) Concurrent Scan Root Regions 1.180ms
[2022-06-21T03:33:46.273+0000][gc,marking   ] GC(1) Concurrent Mark (0.838s)
[2022-06-21T03:33:46.273+0000][gc,marking   ] GC(1) Concurrent Mark From Roots
[2022-06-21T03:33:46.273+0000][gc,task      ] GC(1) Using 2 workers of 2 for marking
[2022-06-21T03:33:46.273+0000][gc,marking   ] GC(1) Concurrent Mark From Roots 0.222ms
[2022-06-21T03:33:46.273+0000][gc,marking   ] GC(1) Concurrent Preclean
[2022-06-21T03:33:46.273+0000][gc,marking   ] GC(1) Concurrent Preclean 0.029ms
[2022-06-21T03:33:46.273+0000][gc,marking   ] GC(1) Concurrent Mark (0.838s, 0.838s) 0.284ms
[2022-06-21T03:33:46.273+0000][gc,start     ] GC(1) Pause Remark
[2022-06-21T03:33:46.274+0000][gc,stringtable] GC(1) Cleaned string and symbol table, strings: 7282 processed, 0 removed, symbols: 63236 processed, 40 removed
[2022-06-21T03:33:46.274+0000][gc            ] GC(1) Pause Remark 6M->6M(1024M) 1.260ms
[2022-06-21T03:33:46.274+0000][gc,cpu        ] GC(1) User=0.01s Sys=0.00s Real=0.01s
[2022-06-21T03:33:46.274+0000][gc,marking    ] GC(1) Concurrent Rebuild Remembered Sets
[2022-06-21T03:33:46.274+0000][gc,marking    ] GC(1) Concurrent Rebuild Remembered Sets 0.087ms
[2022-06-21T03:33:46.275+0000][gc,start      ] GC(1) Pause Cleanup
[2022-06-21T03:33:46.275+0000][gc            ] GC(1) Pause Cleanup 6M->6M(1024M) 0.127ms
[2022-06-21T03:33:46.275+0000][gc,cpu        ] GC(1) User=0.00s Sys=0.00s Real=0.00s
[2022-06-21T03:33:46.275+0000][gc,marking    ] GC(1) Concurrent Cleanup for Next Mark
[2022-06-21T03:33:46.278+0000][gc,marking    ] GC(1) Concurrent Cleanup for Next Mark 3.135ms
[2022-06-21T03:33:46.278+0000][gc            ] GC(1) Concurrent Cycle 6.629ms
[2022-06-21T03:33:46.771+0000][gc,start      ] GC(2) Pause Young (Normal) (G1 Evacuation Pause)
[2022-06-21T03:33:46.771+0000][gc,task       ] GC(2) Using 6 workers of 6 for evacuation
[2022-06-21T03:33:46.775+0000][gc,phases     ] GC(2)   Pre Evacuate Collection Set: 0.0ms
[2022-06-21T03:33:46.775+0000][gc,phases     ] GC(2)   Evacuate Collection Set: 3.5ms
[2022-06-21T03:33:46.775+0000][gc,phases     ] GC(2)   Post Evacuate Collection Set: 0.4ms
[2022-06-21T03:33:46.775+0000][gc,phases     ] GC(2)   Other: 0.2ms
[2022-06-21T03:33:46.775+0000][gc,heap       ] GC(2) Eden regions: 44->0(48)
[2022-06-21T03:33:46.775+0000][gc,heap       ] GC(2) Survivor regions: 7->3(7)
[2022-06-21T03:33:46.775+0000][gc,heap       ] GC(2) Old regions: 0->7
[2022-06-21T03:33:46.775+0000][gc,heap       ] GC(2) Humongous regions: 129->129
[2022-06-21T03:33:46.775+0000][gc,metaspace  ] GC(2) Metaspace: 31113K->31113K(1077248K)
[2022-06-21T03:33:46.775+0000][gc            ] GC(2) Pause Young (Normal) (G1 Evacuation Pause) 179M->137M(1024M) 4.161ms
[2022-06-21T03:33:46.775+0000][gc,cpu        ] GC(2) User=0.02s Sys=0.00s Real=0.01s
[2022-06-21T03:33:47.015+0000][gc,start      ] GC(3) Pause Young (Concurrent Start) (Metadata GC Threshold)
[2022-06-21T03:33:47.015+0000][gc,task       ] GC(3) Using 6 workers of 6 for evacuation
[2022-06-21T03:33:47.018+0000][gc,phases     ] GC(3)   Pre Evacuate Collection Set: 0.1ms
[2022-06-21T03:33:47.018+0000][gc,phases     ] GC(3)   Evacuate Collection Set: 2.4ms
[2022-06-21T03:33:47.018+0000][gc,phases     ] GC(3)   Post Evacuate Collection Set: 0.3ms
[2022-06-21T03:33:47.018+0000][gc,phases     ] GC(3)   Other: 0.2ms
[2022-06-21T03:33:47.018+0000][gc,heap       ] GC(3) Eden regions: 21->0(46)
[2022-06-21T03:33:47.018+0000][gc,heap       ] GC(3) Survivor regions: 3->5(7)
[2022-06-21T03:33:47.018+0000][gc,heap       ] GC(3) Old regions: 7->7
[2022-06-21T03:33:47.018+0000][gc,heap       ] GC(3) Humongous regions: 129->129
[2022-06-21T03:33:47.018+0000][gc,metaspace  ] GC(3) Metaspace: 34679K->34679K(1081344K)
[2022-06-21T03:33:47.018+0000][gc            ] GC(3) Pause Young (Concurrent Start) (Metadata GC Threshold) 158M->139M(1024M) 3.031ms
[2022-06-21T03:33:47.018+0000][gc,cpu        ] GC(3) User=0.01s Sys=0.00s Real=0.00s
[2022-06-21T03:33:47.018+0000][gc            ] GC(4) Concurrent Cycle
[2022-06-21T03:33:47.018+0000][gc,marking    ] GC(4) Concurrent Clear Claimed Marks
[2022-06-21T03:33:47.018+0000][gc,marking    ] GC(4) Concurrent Clear Claimed Marks 0.021ms
[2022-06-21T03:33:47.018+0000][gc,marking    ] GC(4) Concurrent Scan Root Regions
[2022-06-21T03:33:47.019+0000][gc,marking    ] GC(4) Concurrent Scan Root Regions 1.143ms
[2022-06-21T03:33:47.019+0000][gc,marking    ] GC(4) Concurrent Mark (1.584s)
[2022-06-21T03:33:47.019+0000][gc,marking    ] GC(4) Concurrent Mark From Roots
[2022-06-21T03:33:47.019+0000][gc,task       ] GC(4) Using 2 workers of 2 for marking
[2022-06-21T03:33:47.022+0000][gc,marking    ] GC(4) Concurrent Mark From Roots 3.057ms
[2022-06-21T03:33:47.022+0000][gc,marking    ] GC(4) Concurrent Preclean
[2022-06-21T03:33:47.022+0000][gc,marking    ] GC(4) Concurrent Preclean 0.052ms
[2022-06-21T03:33:47.022+0000][gc,marking    ] GC(4) Concurrent Mark (1.584s, 1.587s) 3.151ms
[2022-06-21T03:33:47.022+0000][gc,start      ] GC(4) Pause Remark
[2022-06-21T03:33:47.024+0000][gc,stringtable] GC(4) Cleaned string and symbol table, strings: 13153 processed, 7 removed, symbols: 98207 processed, 26 removed
[2022-06-21T03:33:47.024+0000][gc            ] GC(4) Pause Remark 139M->139M(1024M) 1.632ms
[2022-06-21T03:33:47.024+0000][gc,cpu        ] GC(4) User=0.01s Sys=0.00s Real=0.00s
[2022-06-21T03:33:47.024+0000][gc,marking    ] GC(4) Concurrent Rebuild Remembered Sets
[2022-06-21T03:33:47.026+0000][gc,marking    ] GC(4) Concurrent Rebuild Remembered Sets 1.838ms
[2022-06-21T03:33:47.026+0000][gc,start      ] GC(4) Pause Cleanup
[2022-06-21T03:33:47.026+0000][gc            ] GC(4) Pause Cleanup 140M->140M(1024M) 0.157ms
[2022-06-21T03:33:47.026+0000][gc,cpu        ] GC(4) User=0.00s Sys=0.00s Real=0.00s
[2022-06-21T03:33:47.026+0000][gc,marking    ] GC(4) Concurrent Cleanup for Next Mark
[2022-06-21T03:33:47.028+0000][gc,marking    ] GC(4) Concurrent Cleanup for Next Mark 2.108ms
[2022-06-21T03:33:47.028+0000][gc            ] GC(4) Concurrent Cycle 10.556ms
[2022-06-21T03:33:58.522+0000][gc,start      ] GC(5) Pause Young (Normal) (G1 Evacuation Pause)
[2022-06-21T03:33:58.522+0000][gc,task       ] GC(5) Using 6 workers of 6 for evacuation
[2022-06-21T03:33:58.526+0000][gc,phases     ] GC(5)   Pre Evacuate Collection Set: 0.0ms
[2022-06-21T03:33:58.526+0000][gc,phases     ] GC(5)   Evacuate Collection Set: 2.8ms
[2022-06-21T03:33:58.526+0000][gc,phases     ] GC(5)   Post Evacuate Collection Set: 0.4ms
[2022-06-21T03:33:58.526+0000][gc,phases     ] GC(5)   Other: 0.2ms
[2022-06-21T03:33:58.526+0000][gc,heap       ] GC(5) Eden regions: 46->0(46)
[2022-06-21T03:33:58.526+0000][gc,heap       ] GC(5) Survivor regions: 5->5(7)
[2022-06-21T03:33:58.526+0000][gc,heap       ] GC(5) Old regions: 7->9
[2022-06-21T03:33:58.526+0000][gc,heap       ] GC(5) Humongous regions: 129->129
[2022-06-21T03:33:58.526+0000][gc,metaspace  ] GC(5) Metaspace: 43174K->43174K(1087488K)
[2022-06-21T03:33:58.526+0000][gc            ] GC(5) Pause Young (Normal) (G1 Evacuation Pause) 185M->142M(1024M) 3.450ms
[2022-06-21T03:33:58.526+0000][gc,cpu        ] GC(5) User=0.01s Sys=0.00s Real=0.01s
[2022-06-21T03:37:45.795+0000][gc,start      ] GC(6) Pause Young (Normal) (G1 Evacuation Pause)
[2022-06-21T03:37:45.795+0000][gc,task       ] GC(6) Using 6 workers of 6 for evacuation
[2022-06-21T03:37:45.799+0000][gc,phases     ] GC(6)   Pre Evacuate Collection Set: 0.0ms
[2022-06-21T03:37:45.799+0000][gc,phases     ] GC(6)   Evacuate Collection Set: 3.2ms
[2022-06-21T03:37:45.799+0000][gc,phases     ] GC(6)   Post Evacuate Collection Set: 0.4ms
[2022-06-21T03:37:45.799+0000][gc,phases     ] GC(6)   Other: 0.2ms
[2022-06-21T03:37:45.799+0000][gc,heap       ] GC(6) Eden regions: 46->0(45)
[2022-06-21T03:37:45.799+0000][gc,heap       ] GC(6) Survivor regions: 5->6(7)
[2022-06-21T03:37:45.799+0000][gc,heap       ] GC(6) Old regions: 9->11
[2022-06-21T03:37:45.799+0000][gc,heap       ] GC(6) Humongous regions: 129->129
[2022-06-21T03:37:45.799+0000][gc,metaspace  ] GC(6) Metaspace: 46709K->46709K(1091584K)
[2022-06-21T03:37:45.799+0000][gc            ] GC(6) Pause Young (Normal) (G1 Evacuation Pause) 188M->144M(1024M) 3.847ms
[2022-06-21T03:37:45.799+0000][gc,cpu        ] GC(6) User=0.02s Sys=0.00s Real=0.00s
[2022-06-21T03:42:13.694+0000][gc,start      ] GC(7) Pause Young (Normal) (G1 Evacuation Pause)
[2022-06-21T03:42:13.694+0000][gc,task       ] GC(7) Using 6 workers of 6 for evacuation
[2022-06-21T03:42:13.698+0000][gc,phases     ] GC(7)   Pre Evacuate Collection Set: 0.0ms
[2022-06-21T03:42:13.698+0000][gc,phases     ] GC(7)   Evacuate Collection Set: 2.8ms
[2022-06-21T03:42:13.698+0000][gc,phases     ] GC(7)   Post Evacuate Collection Set: 0.3ms
[2022-06-21T03:42:13.698+0000][gc,phases     ] GC(7)   Other: 0.2ms
[2022-06-21T03:42:13.698+0000][gc,heap       ] GC(7) Eden regions: 45->0(47)
[2022-06-21T03:42:13.698+0000][gc,heap       ] GC(7) Survivor regions: 6->4(7)
[2022-06-21T03:42:13.698+0000][gc,heap       ] GC(7) Old regions: 11->13
[2022-06-21T03:42:13.698+0000][gc,heap       ] GC(7) Humongous regions: 129->129
[2022-06-21T03:42:13.698+0000][gc,metaspace  ] GC(7) Metaspace: 47042K->47042K(1091584K)
[2022-06-21T03:42:13.698+0000][gc            ] GC(7) Pause Young (Normal) (G1 Evacuation Pause) 189M->145M(1024M) 3.352ms
[2022-06-21T03:42:13.698+0000][gc,cpu        ] GC(7) User=0.02s Sys=0.00s Real=0.00s
[2022-06-21T03:47:10.813+0000][gc,start      ] GC(8) Pause Young (Normal) (G1 Evacuation Pause)
[2022-06-21T03:47:10.813+0000][gc,task       ] GC(8) Using 6 workers of 6 for evacuation
[2022-06-21T03:47:10.816+0000][gc,phases     ] GC(8)   Pre Evacuate Collection Set: 0.0ms
[2022-06-21T03:47:10.816+0000][gc,phases     ] GC(8)   Evacuate Collection Set: 2.5ms
[2022-06-21T03:47:10.816+0000][gc,phases     ] GC(8)   Post Evacuate Collection Set: 0.4ms
[2022-06-21T03:47:10.816+0000][gc,phases     ] GC(8)   Other: 0.5ms
[2022-06-21T03:47:10.816+0000][gc,heap       ] GC(8) Eden regions: 47->0(47)
[2022-06-21T03:47:10.816+0000][gc,heap       ] GC(8) Survivor regions: 4->4(7)
[2022-06-21T03:47:10.816+0000][gc,heap       ] GC(8) Old regions: 13->13
[2022-06-21T03:47:10.816+0000][gc,heap       ] GC(8) Humongous regions: 129->129
[2022-06-21T03:47:10.816+0000][gc,metaspace  ] GC(8) Metaspace: 47227K->47227K(1091584K)
[2022-06-21T03:47:10.816+0000][gc            ] GC(8) Pause Young (Normal) (G1 Evacuation Pause) 192M->145M(1024M) 3.484ms
[2022-06-21T03:47:10.816+0000][gc,cpu        ] GC(8) User=0.02s Sys=0.00s Real=0.01s
[2022-06-21T03:52:24.637+0000][gc,start      ] GC(9) Pause Young (Normal) (G1 Evacuation Pause)
[2022-06-21T03:52:24.637+0000][gc,task       ] GC(9) Using 6 workers of 6 for evacuation
[2022-06-21T03:52:24.639+0000][gc,phases     ] GC(9)   Pre Evacuate Collection Set: 0.0ms
[2022-06-21T03:52:24.639+0000][gc,phases     ] GC(9)   Evacuate Collection Set: 2.1ms
[2022-06-21T03:52:24.639+0000][gc,phases     ] GC(9)   Post Evacuate Collection Set: 0.3ms
[2022-06-21T03:52:24.639+0000][gc,phases     ] GC(9)   Other: 0.2ms
[2022-06-21T03:52:24.639+0000][gc,heap       ] GC(9) Eden regions: 47->0(235)
[2022-06-21T03:52:24.639+0000][gc,heap       ] GC(9) Survivor regions: 4->3(7)
[2022-06-21T03:52:24.639+0000][gc,heap       ] GC(9) Old regions: 13->15
[2022-06-21T03:52:24.639+0000][gc,heap       ] GC(9) Humongous regions: 129->129
[2022-06-21T03:52:24.639+0000][gc,metaspace  ] GC(9) Metaspace: 47272K->47272K(1091584K)
[2022-06-21T03:52:24.639+0000][gc            ] GC(9) Pause Young (Normal) (G1 Evacuation Pause) 192M->145M(1024M) 2.665ms
[2022-06-21T03:52:24.639+0000][gc,cpu        ] GC(9) User=0.02s Sys=0.00s Real=0.00s
[2022-06-21T04:18:43.407+0000][gc,start      ] GC(10) Pause Young (Normal) (G1 Evacuation Pause)
[2022-06-21T04:18:43.408+0000][gc,task       ] GC(10) Using 6 workers of 6 for evacuation
[2022-06-21T04:18:43.411+0000][gc,phases     ] GC(10)   Pre Evacuate Collection Set: 0.0ms
[2022-06-21T04:18:43.411+0000][gc,phases     ] GC(10)   Evacuate Collection Set: 3.0ms
[2022-06-21T04:18:43.411+0000][gc,phases     ] GC(10)   Post Evacuate Collection Set: 0.4ms
[2022-06-21T04:18:43.411+0000][gc,phases     ] GC(10)   Other: 0.7ms
[2022-06-21T04:18:43.411+0000][gc,heap       ] GC(10) Eden regions: 235->0(221)
[2022-06-21T04:18:43.411+0000][gc,heap       ] GC(10) Survivor regions: 3->5(30)
[2022-06-21T04:18:43.412+0000][gc,heap       ] GC(10) Old regions: 15->15
[2022-06-21T04:18:43.412+0000][gc,heap       ] GC(10) Humongous regions: 129->129
[2022-06-21T04:18:43.412+0000][gc,metaspace  ] GC(10) Metaspace: 47467K->47467K(1091584K)
[2022-06-21T04:18:43.412+0000][gc            ] GC(10) Pause Young (Normal) (G1 Evacuation Pause) 380M->147M(1024M) 4.135ms
[2022-06-21T04:18:43.412+0000][gc,cpu        ] GC(10) User=0.02s Sys=0.00s Real=0.00s
[2022-06-21T04:42:58.407+0000][gc,start      ] GC(11) Pause Young (Normal) (G1 Evacuation Pause)
[2022-06-21T04:42:58.408+0000][gc,task       ] GC(11) Using 6 workers of 6 for evacuation
[2022-06-21T04:42:58.412+0000][gc,phases     ] GC(11)   Pre Evacuate Collection Set: 0.0ms
[2022-06-21T04:42:58.412+0000][gc,phases     ] GC(11)   Evacuate Collection Set: 3.5ms
[2022-06-21T04:42:58.412+0000][gc,phases     ] GC(11)   Post Evacuate Collection Set: 0.4ms
[2022-06-21T04:42:58.412+0000][gc,phases     ] GC(11)   Other: 0.7ms
[2022-06-21T04:42:58.412+0000][gc,heap       ] GC(11) Eden regions: 221->0(259)
[2022-06-21T04:42:58.412+0000][gc,heap       ] GC(11) Survivor regions: 5->6(29)
[2022-06-21T04:42:58.412+0000][gc,heap       ] GC(11) Old regions: 15->15
[2022-06-21T04:42:58.412+0000][gc,heap       ] GC(11) Humongous regions: 129->129
[2022-06-21T04:42:58.412+0000][gc,metaspace  ] GC(11) Metaspace: 47572K->47572K(1091584K)
[2022-06-21T04:42:58.412+0000][gc            ] GC(11) Pause Young (Normal) (G1 Evacuation Pause) 368M->148M(1024M) 4.684ms
[2022-06-21T04:42:58.412+0000][gc,cpu        ] GC(11) User=0.02s Sys=0.00s Real=0.00s
[2022-06-21T05:12:24.019+0000][gc,start      ] GC(12) Pause Young (Normal) (G1 Evacuation Pause)
[2022-06-21T05:12:24.019+0000][gc,task       ] GC(12) Using 6 workers of 6 for evacuation
[2022-06-21T05:12:24.023+0000][gc,phases     ] GC(12)   Pre Evacuate Collection Set: 0.0ms
[2022-06-21T05:12:24.023+0000][gc,phases     ] GC(12)   Evacuate Collection Set: 2.8ms
[2022-06-21T05:12:24.023+0000][gc,phases     ] GC(12)   Post Evacuate Collection Set: 0.4ms
[2022-06-21T05:12:24.023+0000][gc,phases     ] GC(12)   Other: 0.5ms
[2022-06-21T05:12:24.023+0000][gc,heap       ] GC(12) Eden regions: 259->0(266)
[2022-06-21T05:12:24.023+0000][gc,heap       ] GC(12) Survivor regions: 6->7(34)
[2022-06-21T05:12:24.023+0000][gc,heap       ] GC(12) Old regions: 15->15
[2022-06-21T05:12:24.023+0000][gc,heap       ] GC(12) Humongous regions: 129->129
[2022-06-21T05:12:24.023+0000][gc,metaspace  ] GC(12) Metaspace: 47780K->47780K(1093632K)
[2022-06-21T05:12:24.023+0000][gc            ] GC(12) Pause Young (Normal) (G1 Evacuation Pause) 407M->149M(1024M) 3.798ms
[2022-06-21T05:12:24.023+0000][gc,cpu        ] GC(12) User=0.02s Sys=0.00s Real=0.00s
[2022-06-21T05:40:59.752+0000][gc,start      ] GC(13) Pause Young (Normal) (G1 Evacuation Pause)
[2022-06-21T05:40:59.752+0000][gc,task       ] GC(13) Using 6 workers of 6 for evacuation
[2022-06-21T05:40:59.759+0000][gc,phases     ] GC(13)   Pre Evacuate Collection Set: 0.0ms
[2022-06-21T05:40:59.759+0000][gc,phases     ] GC(13)   Evacuate Collection Set: 3.9ms
[2022-06-21T05:40:59.759+0000][gc,phases     ] GC(13)   Post Evacuate Collection Set: 3.3ms
[2022-06-21T05:40:59.759+0000][gc,phases     ] GC(13)   Other: 0.5ms
[2022-06-21T05:40:59.759+0000][gc,heap       ] GC(13) Eden regions: 266->0(378)
[2022-06-21T05:40:59.759+0000][gc,heap       ] GC(13) Survivor regions: 7->7(35)
[2022-06-21T05:40:59.759+0000][gc,heap       ] GC(13) Old regions: 15->15
[2022-06-21T05:40:59.759+0000][gc,heap       ] GC(13) Humongous regions: 129->129
[2022-06-21T05:40:59.759+0000][gc,metaspace  ] GC(13) Metaspace: 47854K->47854K(1093632K)
[2022-06-21T05:40:59.759+0000][gc            ] GC(13) Pause Young (Normal) (G1 Evacuation Pause) 415M->149M(1024M) 7.822ms
[2022-06-21T05:40:59.759+0000][gc,cpu        ] GC(13) User=0.03s Sys=0.00s Real=0.01s
[2022-06-21T06:21:26.666+0000][gc,start      ] GC(14) Pause Young (Normal) (G1 Evacuation Pause)
[2022-06-21T06:21:26.666+0000][gc,task       ] GC(14) Using 6 workers of 6 for evacuation
[2022-06-21T06:21:26.670+0000][gc,phases     ] GC(14)   Pre Evacuate Collection Set: 0.0ms
[2022-06-21T06:21:26.670+0000][gc,phases     ] GC(14)   Evacuate Collection Set: 3.2ms
[2022-06-21T06:21:26.670+0000][gc,phases     ] GC(14)   Post Evacuate Collection Set: 0.5ms
[2022-06-21T06:21:26.670+0000][gc,phases     ] GC(14)   Other: 0.2ms
[2022-06-21T06:21:26.670+0000][gc,heap       ] GC(14) Eden regions: 378->0(410)
[2022-06-21T06:21:26.670+0000][gc,heap       ] GC(14) Survivor regions: 7->7(49)
[2022-06-21T06:21:26.670+0000][gc,heap       ] GC(14) Old regions: 15->15
[2022-06-21T06:21:26.670+0000][gc,heap       ] GC(14) Humongous regions: 129->129
[2022-06-21T06:21:26.670+0000][gc,metaspace  ] GC(14) Metaspace: 48005K->48005K(1093632K)
[2022-06-21T06:21:26.670+0000][gc            ] GC(14) Pause Young (Normal) (G1 Evacuation Pause) 527M->149M(1024M) 4.017ms
[2022-06-21T06:21:26.670+0000][gc,cpu        ] GC(14) User=0.02s Sys=0.00s Real=0.00s
[2022-06-21T07:03:58.023+0000][gc,start      ] GC(15) Pause Young (Normal) (G1 Evacuation Pause)
[2022-06-21T07:03:58.024+0000][gc,task       ] GC(15) Using 6 workers of 6 for evacuation
[2022-06-21T07:03:58.028+0000][gc,phases     ] GC(15)   Pre Evacuate Collection Set: 0.1ms
[2022-06-21T07:03:58.028+0000][gc,phases     ] GC(15)   Evacuate Collection Set: 3.3ms
[2022-06-21T07:03:58.028+0000][gc,phases     ] GC(15)   Post Evacuate Collection Set: 0.5ms
[2022-06-21T07:03:58.028+0000][gc,phases     ] GC(15)   Other: 0.5ms
[2022-06-21T07:03:58.028+0000][gc,heap       ] GC(15) Eden regions: 410->0(444)
[2022-06-21T07:03:58.028+0000][gc,heap       ] GC(15) Survivor regions: 7->8(53)
[2022-06-21T07:03:58.028+0000][gc,heap       ] GC(15) Old regions: 15->15
[2022-06-21T07:03:58.028+0000][gc,heap       ] GC(15) Humongous regions: 129->129
[2022-06-21T07:03:58.028+0000][gc,metaspace  ] GC(15) Metaspace: 48138K->48138K(1093632K)
[2022-06-21T07:03:58.028+0000][gc            ] GC(15) Pause Young (Normal) (G1 Evacuation Pause) 559M->150M(1024M) 4.407ms
[2022-06-21T07:03:58.028+0000][gc,cpu        ] GC(15) User=0.01s Sys=0.00s Real=0.01s
