[2022-06-20T04:27:20.016+0000][gc,heap] Heap region size: 1M
[2022-06-20T04:27:20.022+0000][gc     ] Using G1
[2022-06-20T04:27:20.022+0000][gc,heap,coops] Heap address: 0x00000000c0000000, size: 1024 MB, Compressed Oops mode: 32-bit
[2022-06-20T04:27:20.784+0000][gc,start     ] GC(0) Pause Young (Concurrent Start) (Metadata GC Threshold)
[2022-06-20T04:27:20.785+0000][gc,task      ] GC(0) Using 6 workers of 6 for evacuation
[2022-06-20T04:27:20.790+0000][gc,phases    ] GC(0)   Pre Evacuate Collection Set: 0.0ms
[2022-06-20T04:27:20.790+0000][gc,phases    ] GC(0)   Evacuate Collection Set: 4.7ms
[2022-06-20T04:27:20.790+0000][gc,phases    ] GC(0)   Post Evacuate Collection Set: 0.4ms
[2022-06-20T04:27:20.790+0000][gc,phases    ] GC(0)   Other: 0.7ms
[2022-06-20T04:27:20.790+0000][gc,heap      ] GC(0) Eden regions: 38->0(44)
[2022-06-20T04:27:20.790+0000][gc,heap      ] GC(0) Survivor regions: 0->7(7)
[2022-06-20T04:27:20.790+0000][gc,heap      ] GC(0) Old regions: 0->0
[2022-06-20T04:27:20.790+0000][gc,heap      ] GC(0) Humongous regions: 0->0
[2022-06-20T04:27:20.790+0000][gc,metaspace ] GC(0) Metaspace: 20730K->20730K(1069056K)
[2022-06-20T04:27:20.790+0000][gc           ] GC(0) Pause Young (Concurrent Start) (Metadata GC Threshold) 37M->6M(1024M) 5.993ms
[2022-06-20T04:27:20.790+0000][gc,cpu       ] GC(0) User=0.00s Sys=0.00s Real=0.01s
[2022-06-20T04:27:20.790+0000][gc           ] GC(1) Concurrent Cycle
[2022-06-20T04:27:20.791+0000][gc,marking   ] GC(1) Concurrent Clear Claimed Marks
[2022-06-20T04:27:20.791+0000][gc,marking   ] GC(1) Concurrent Clear Claimed Marks 0.013ms
[2022-06-20T04:27:20.791+0000][gc,marking   ] GC(1) Concurrent Scan Root Regions
[2022-06-20T04:27:20.792+0000][gc,marking   ] GC(1) Concurrent Scan Root Regions 1.211ms
[2022-06-20T04:27:20.792+0000][gc,marking   ] GC(1) Concurrent Mark (0.778s)
[2022-06-20T04:27:20.792+0000][gc,marking   ] GC(1) Concurrent Mark From Roots
[2022-06-20T04:27:20.792+0000][gc,task      ] GC(1) Using 2 workers of 2 for marking
[2022-06-20T04:27:20.792+0000][gc,marking   ] GC(1) Concurrent Mark From Roots 0.323ms
[2022-06-20T04:27:20.792+0000][gc,marking   ] GC(1) Concurrent Preclean
[2022-06-20T04:27:20.792+0000][gc,marking   ] GC(1) Concurrent Preclean 0.045ms
[2022-06-20T04:27:20.792+0000][gc,marking   ] GC(1) Concurrent Mark (0.778s, 0.779s) 0.418ms
[2022-06-20T04:27:20.792+0000][gc,start     ] GC(1) Pause Remark
[2022-06-20T04:27:20.793+0000][gc,stringtable] GC(1) Cleaned string and symbol table, strings: 7273 processed, 0 removed, symbols: 63200 processed, 41 removed
[2022-06-20T04:27:20.794+0000][gc            ] GC(1) Pause Remark 6M->6M(1024M) 1.422ms
[2022-06-20T04:27:20.794+0000][gc,cpu        ] GC(1) User=0.01s Sys=0.00s Real=0.00s
[2022-06-20T04:27:20.794+0000][gc,marking    ] GC(1) Concurrent Rebuild Remembered Sets
[2022-06-20T04:27:20.794+0000][gc,marking    ] GC(1) Concurrent Rebuild Remembered Sets 0.077ms
[2022-06-20T04:27:20.794+0000][gc,start      ] GC(1) Pause Cleanup
[2022-06-20T04:27:20.794+0000][gc            ] GC(1) Pause Cleanup 6M->6M(1024M) 0.140ms
[2022-06-20T04:27:20.794+0000][gc,cpu        ] GC(1) User=0.00s Sys=0.00s Real=0.00s
[2022-06-20T04:27:20.794+0000][gc,marking    ] GC(1) Concurrent Cleanup for Next Mark
[2022-06-20T04:27:20.797+0000][gc,marking    ] GC(1) Concurrent Cleanup for Next Mark 3.268ms
[2022-06-20T04:27:20.797+0000][gc            ] GC(1) Concurrent Cycle 6.979ms
[2022-06-20T04:27:21.295+0000][gc,start      ] GC(2) Pause Young (Normal) (G1 Evacuation Pause)
[2022-06-20T04:27:21.295+0000][gc,task       ] GC(2) Using 6 workers of 6 for evacuation
[2022-06-20T04:27:21.299+0000][gc,phases     ] GC(2)   Pre Evacuate Collection Set: 0.0ms
[2022-06-20T04:27:21.299+0000][gc,phases     ] GC(2)   Evacuate Collection Set: 3.3ms
[2022-06-20T04:27:21.299+0000][gc,phases     ] GC(2)   Post Evacuate Collection Set: 0.3ms
[2022-06-20T04:27:21.299+0000][gc,phases     ] GC(2)   Other: 0.1ms
[2022-06-20T04:27:21.299+0000][gc,heap       ] GC(2) Eden regions: 44->0(48)
[2022-06-20T04:27:21.299+0000][gc,heap       ] GC(2) Survivor regions: 7->3(7)
[2022-06-20T04:27:21.299+0000][gc,heap       ] GC(2) Old regions: 0->7
[2022-06-20T04:27:21.299+0000][gc,heap       ] GC(2) Humongous regions: 129->129
[2022-06-20T04:27:21.299+0000][gc,metaspace  ] GC(2) Metaspace: 31028K->31028K(1077248K)
[2022-06-20T04:27:21.299+0000][gc            ] GC(2) Pause Young (Normal) (G1 Evacuation Pause) 179M->137M(1024M) 3.776ms
[2022-06-20T04:27:21.299+0000][gc,cpu        ] GC(2) User=0.02s Sys=0.00s Real=0.00s
[2022-06-20T04:27:21.563+0000][gc,start      ] GC(3) Pause Young (Concurrent Start) (Metadata GC Threshold)
[2022-06-20T04:27:21.563+0000][gc,task       ] GC(3) Using 6 workers of 6 for evacuation
[2022-06-20T04:27:21.566+0000][gc,phases     ] GC(3)   Pre Evacuate Collection Set: 0.1ms
[2022-06-20T04:27:21.566+0000][gc,phases     ] GC(3)   Evacuate Collection Set: 2.6ms
[2022-06-20T04:27:21.566+0000][gc,phases     ] GC(3)   Post Evacuate Collection Set: 0.3ms
[2022-06-20T04:27:21.566+0000][gc,phases     ] GC(3)   Other: 0.2ms
[2022-06-20T04:27:21.566+0000][gc,heap       ] GC(3) Eden regions: 22->0(46)
[2022-06-20T04:27:21.566+0000][gc,heap       ] GC(3) Survivor regions: 3->5(7)
[2022-06-20T04:27:21.566+0000][gc,heap       ] GC(3) Old regions: 7->7
[2022-06-20T04:27:21.566+0000][gc,heap       ] GC(3) Humongous regions: 129->129
[2022-06-20T04:27:21.566+0000][gc,metaspace  ] GC(3) Metaspace: 34953K->34953K(1081344K)
[2022-06-20T04:27:21.566+0000][gc            ] GC(3) Pause Young (Concurrent Start) (Metadata GC Threshold) 159M->139M(1024M) 3.177ms
[2022-06-20T04:27:21.566+0000][gc,cpu        ] GC(3) User=0.01s Sys=0.00s Real=0.00s
[2022-06-20T04:27:21.566+0000][gc            ] GC(4) Concurrent Cycle
[2022-06-20T04:27:21.566+0000][gc,marking    ] GC(4) Concurrent Clear Claimed Marks
[2022-06-20T04:27:21.566+0000][gc,marking    ] GC(4) Concurrent Clear Claimed Marks 0.021ms
[2022-06-20T04:27:21.566+0000][gc,marking    ] GC(4) Concurrent Scan Root Regions
[2022-06-20T04:27:21.567+0000][gc,marking    ] GC(4) Concurrent Scan Root Regions 1.078ms
[2022-06-20T04:27:21.567+0000][gc,marking    ] GC(4) Concurrent Mark (1.554s)
[2022-06-20T04:27:21.567+0000][gc,marking    ] GC(4) Concurrent Mark From Roots
[2022-06-20T04:27:21.567+0000][gc,task       ] GC(4) Using 2 workers of 2 for marking
[2022-06-20T04:27:21.570+0000][gc,marking    ] GC(4) Concurrent Mark From Roots 2.910ms
[2022-06-20T04:27:21.570+0000][gc,marking    ] GC(4) Concurrent Preclean
[2022-06-20T04:27:21.570+0000][gc,marking    ] GC(4) Concurrent Preclean 0.079ms
[2022-06-20T04:27:21.570+0000][gc,marking    ] GC(4) Concurrent Mark (1.554s, 1.557s) 3.038ms
[2022-06-20T04:27:21.570+0000][gc,start      ] GC(4) Pause Remark
[2022-06-20T04:27:21.572+0000][gc,stringtable] GC(4) Cleaned string and symbol table, strings: 13346 processed, 6 removed, symbols: 98714 processed, 24 removed
[2022-06-20T04:27:21.572+0000][gc            ] GC(4) Pause Remark 140M->140M(1024M) 1.698ms
[2022-06-20T04:27:21.572+0000][gc,cpu        ] GC(4) User=0.01s Sys=0.00s Real=0.00s
[2022-06-20T04:27:21.572+0000][gc,marking    ] GC(4) Concurrent Rebuild Remembered Sets
[2022-06-20T04:27:21.574+0000][gc,marking    ] GC(4) Concurrent Rebuild Remembered Sets 1.615ms
[2022-06-20T04:27:21.574+0000][gc,start      ] GC(4) Pause Cleanup
[2022-06-20T04:27:21.574+0000][gc            ] GC(4) Pause Cleanup 140M->140M(1024M) 0.133ms
[2022-06-20T04:27:21.574+0000][gc,cpu        ] GC(4) User=0.00s Sys=0.00s Real=0.00s
[2022-06-20T04:27:21.574+0000][gc,marking    ] GC(4) Concurrent Cleanup for Next Mark
[2022-06-20T04:27:21.576+0000][gc,marking    ] GC(4) Concurrent Cleanup for Next Mark 2.465ms
[2022-06-20T04:27:21.576+0000][gc            ] GC(4) Concurrent Cycle 10.576ms
[2022-06-20T04:27:44.098+0000][gc,start      ] GC(5) Pause Young (Normal) (G1 Evacuation Pause)
[2022-06-20T04:27:44.098+0000][gc,task       ] GC(5) Using 6 workers of 6 for evacuation
[2022-06-20T04:27:44.103+0000][gc,phases     ] GC(5)   Pre Evacuate Collection Set: 0.0ms
[2022-06-20T04:27:44.103+0000][gc,phases     ] GC(5)   Evacuate Collection Set: 3.8ms
[2022-06-20T04:27:44.103+0000][gc,phases     ] GC(5)   Post Evacuate Collection Set: 0.5ms
[2022-06-20T04:27:44.103+0000][gc,phases     ] GC(5)   Other: 0.3ms
[2022-06-20T04:27:44.103+0000][gc,heap       ] GC(5) Eden regions: 46->0(45)
[2022-06-20T04:27:44.103+0000][gc,heap       ] GC(5) Survivor regions: 5->6(7)
[2022-06-20T04:27:44.103+0000][gc,heap       ] GC(5) Old regions: 7->9
[2022-06-20T04:27:44.103+0000][gc,heap       ] GC(5) Humongous regions: 129->129
[2022-06-20T04:27:44.103+0000][gc,metaspace  ] GC(5) Metaspace: 43396K->43396K(1089536K)
[2022-06-20T04:27:44.103+0000][gc            ] GC(5) Pause Young (Normal) (G1 Evacuation Pause) 185M->142M(1024M) 4.762ms
[2022-06-20T04:27:44.103+0000][gc,cpu        ] GC(5) User=0.02s Sys=0.00s Real=0.01s
[2022-06-20T04:34:04.404+0000][gc,start      ] GC(6) Pause Young (Normal) (G1 Evacuation Pause)
[2022-06-20T04:34:04.404+0000][gc,task       ] GC(6) Using 6 workers of 6 for evacuation
[2022-06-20T04:34:04.408+0000][gc,phases     ] GC(6)   Pre Evacuate Collection Set: 0.0ms
[2022-06-20T04:34:04.408+0000][gc,phases     ] GC(6)   Evacuate Collection Set: 3.4ms
[2022-06-20T04:34:04.408+0000][gc,phases     ] GC(6)   Post Evacuate Collection Set: 0.5ms
[2022-06-20T04:34:04.408+0000][gc,phases     ] GC(6)   Other: 0.2ms
[2022-06-20T04:34:04.408+0000][gc,heap       ] GC(6) Eden regions: 45->0(45)
[2022-06-20T04:34:04.408+0000][gc,heap       ] GC(6) Survivor regions: 6->6(7)
[2022-06-20T04:34:04.408+0000][gc,heap       ] GC(6) Old regions: 9->11
[2022-06-20T04:34:04.408+0000][gc,heap       ] GC(6) Humongous regions: 129->129
[2022-06-20T04:34:04.408+0000][gc,metaspace  ] GC(6) Metaspace: 46857K->46857K(1091584K)
[2022-06-20T04:34:04.408+0000][gc            ] GC(6) Pause Young (Normal) (G1 Evacuation Pause) 187M->145M(1024M) 4.178ms
[2022-06-20T04:34:04.409+0000][gc,cpu        ] GC(6) User=0.02s Sys=0.00s Real=0.00s
[2022-06-20T04:45:08.632+0000][gc,start      ] GC(7) Pause Young (Normal) (G1 Evacuation Pause)
[2022-06-20T04:45:08.632+0000][gc,task       ] GC(7) Using 6 workers of 6 for evacuation
[2022-06-20T04:45:08.635+0000][gc,phases     ] GC(7)   Pre Evacuate Collection Set: 0.0ms
[2022-06-20T04:45:08.635+0000][gc,phases     ] GC(7)   Evacuate Collection Set: 2.5ms
[2022-06-20T04:45:08.635+0000][gc,phases     ] GC(7)   Post Evacuate Collection Set: 0.4ms
[2022-06-20T04:45:08.635+0000][gc,phases     ] GC(7)   Other: 0.2ms
[2022-06-20T04:45:08.635+0000][gc,heap       ] GC(7) Eden regions: 45->0(48)
[2022-06-20T04:45:08.635+0000][gc,heap       ] GC(7) Survivor regions: 6->3(7)
[2022-06-20T04:45:08.635+0000][gc,heap       ] GC(7) Old regions: 11->14
[2022-06-20T04:45:08.635+0000][gc,heap       ] GC(7) Humongous regions: 129->129
[2022-06-20T04:45:08.635+0000][gc,metaspace  ] GC(7) Metaspace: 47081K->47081K(1091584K)
[2022-06-20T04:45:08.635+0000][gc            ] GC(7) Pause Young (Normal) (G1 Evacuation Pause) 190M->145M(1024M) 3.125ms
[2022-06-20T04:45:08.636+0000][gc,cpu        ] GC(7) User=0.02s Sys=0.00s Real=0.00s
[2022-06-20T05:00:09.911+0000][gc,start      ] GC(8) Pause Young (Normal) (G1 Evacuation Pause)
[2022-06-20T05:00:09.911+0000][gc,task       ] GC(8) Using 6 workers of 6 for evacuation
[2022-06-20T05:00:09.913+0000][gc,phases     ] GC(8)   Pre Evacuate Collection Set: 0.0ms
[2022-06-20T05:00:09.913+0000][gc,phases     ] GC(8)   Evacuate Collection Set: 2.0ms
[2022-06-20T05:00:09.913+0000][gc,phases     ] GC(8)   Post Evacuate Collection Set: 0.4ms
[2022-06-20T05:00:09.913+0000][gc,phases     ] GC(8)   Other: 0.2ms
[2022-06-20T05:00:09.913+0000][gc,heap       ] GC(8) Eden regions: 48->0(47)
[2022-06-20T05:00:09.913+0000][gc,heap       ] GC(8) Survivor regions: 3->4(7)
[2022-06-20T05:00:09.913+0000][gc,heap       ] GC(8) Old regions: 14->14
[2022-06-20T05:00:09.913+0000][gc,heap       ] GC(8) Humongous regions: 129->129
[2022-06-20T05:00:09.913+0000][gc,metaspace  ] GC(8) Metaspace: 47257K->47257K(1091584K)
[2022-06-20T05:00:09.913+0000][gc            ] GC(8) Pause Young (Normal) (G1 Evacuation Pause) 193M->145M(1024M) 2.633ms
[2022-06-20T05:00:09.913+0000][gc,cpu        ] GC(8) User=0.01s Sys=0.00s Real=0.00s
[2022-06-20T05:24:19.072+0000][gc,start      ] GC(9) Pause Young (Normal) (G1 Evacuation Pause)
[2022-06-20T05:24:19.072+0000][gc,task       ] GC(9) Using 6 workers of 6 for evacuation
[2022-06-20T05:24:19.075+0000][gc,phases     ] GC(9)   Pre Evacuate Collection Set: 0.0ms
[2022-06-20T05:24:19.075+0000][gc,phases     ] GC(9)   Evacuate Collection Set: 1.8ms
[2022-06-20T05:24:19.075+0000][gc,phases     ] GC(9)   Post Evacuate Collection Set: 0.4ms
[2022-06-20T05:24:19.075+0000][gc,phases     ] GC(9)   Other: 0.2ms
[2022-06-20T05:24:19.075+0000][gc,heap       ] GC(9) Eden regions: 47->0(62)
[2022-06-20T05:24:19.075+0000][gc,heap       ] GC(9) Survivor regions: 4->3(7)
[2022-06-20T05:24:19.075+0000][gc,heap       ] GC(9) Old regions: 14->14
[2022-06-20T05:24:19.075+0000][gc,heap       ] GC(9) Humongous regions: 129->129
[2022-06-20T05:24:19.075+0000][gc,metaspace  ] GC(9) Metaspace: 47331K->47331K(1091584K)
[2022-06-20T05:24:19.075+0000][gc            ] GC(9) Pause Young (Normal) (G1 Evacuation Pause) 192M->145M(1024M) 2.417ms
[2022-06-20T05:24:19.075+0000][gc,cpu        ] GC(9) User=0.01s Sys=0.00s Real=0.00s
[2022-06-20T05:48:13.632+0000][gc,start      ] GC(10) Pause Young (Normal) (G1 Evacuation Pause)
[2022-06-20T05:48:13.632+0000][gc,task       ] GC(10) Using 6 workers of 6 for evacuation
[2022-06-20T05:48:13.635+0000][gc,phases     ] GC(10)   Pre Evacuate Collection Set: 0.0ms
[2022-06-20T05:48:13.635+0000][gc,phases     ] GC(10)   Evacuate Collection Set: 2.2ms
[2022-06-20T05:48:13.635+0000][gc,phases     ] GC(10)   Post Evacuate Collection Set: 0.5ms
[2022-06-20T05:48:13.635+0000][gc,phases     ] GC(10)   Other: 0.2ms
[2022-06-20T05:48:13.635+0000][gc,heap       ] GC(10) Eden regions: 62->0(74)
[2022-06-20T05:48:13.635+0000][gc,heap       ] GC(10) Survivor regions: 3->3(9)
[2022-06-20T05:48:13.635+0000][gc,heap       ] GC(10) Old regions: 14->14
[2022-06-20T05:48:13.635+0000][gc,heap       ] GC(10) Humongous regions: 129->129
[2022-06-20T05:48:13.635+0000][gc,metaspace  ] GC(10) Metaspace: 47438K->47438K(1091584K)
[2022-06-20T05:48:13.635+0000][gc            ] GC(10) Pause Young (Normal) (G1 Evacuation Pause) 207M->145M(1024M) 3.004ms
[2022-06-20T05:48:13.635+0000][gc,cpu        ] GC(10) User=0.01s Sys=0.00s Real=0.00s
[2022-06-20T06:08:07.223+0000][gc,start      ] GC(11) Pause Young (Normal) (G1 Evacuation Pause)
[2022-06-20T06:08:07.223+0000][gc,task       ] GC(11) Using 6 workers of 6 for evacuation
[2022-06-20T06:08:07.226+0000][gc,phases     ] GC(11)   Pre Evacuate Collection Set: 0.0ms
[2022-06-20T06:08:07.226+0000][gc,phases     ] GC(11)   Evacuate Collection Set: 2.8ms
[2022-06-20T06:08:07.226+0000][gc,phases     ] GC(11)   Post Evacuate Collection Set: 0.5ms
[2022-06-20T06:08:07.226+0000][gc,phases     ] GC(11)   Other: 0.3ms
[2022-06-20T06:08:07.226+0000][gc,heap       ] GC(11) Eden regions: 74->0(87)
[2022-06-20T06:08:07.226+0000][gc,heap       ] GC(11) Survivor regions: 3->4(10)
[2022-06-20T06:08:07.226+0000][gc,heap       ] GC(11) Old regions: 14->14
[2022-06-20T06:08:07.226+0000][gc,heap       ] GC(11) Humongous regions: 129->129
[2022-06-20T06:08:07.226+0000][gc,metaspace  ] GC(11) Metaspace: 47513K->47513K(1091584K)
[2022-06-20T06:08:07.226+0000][gc            ] GC(11) Pause Young (Normal) (G1 Evacuation Pause) 219M->146M(1024M) 3.607ms
[2022-06-20T06:08:07.226+0000][gc,cpu        ] GC(11) User=0.02s Sys=0.00s Real=0.00s
[2022-06-20T06:31:48.632+0000][gc,start      ] GC(12) Pause Young (Normal) (G1 Evacuation Pause)
[2022-06-20T06:31:48.633+0000][gc,task       ] GC(12) Using 6 workers of 6 for evacuation
[2022-06-20T06:31:48.636+0000][gc,phases     ] GC(12)   Pre Evacuate Collection Set: 0.0ms
[2022-06-20T06:31:48.636+0000][gc,phases     ] GC(12)   Evacuate Collection Set: 2.4ms
[2022-06-20T06:31:48.636+0000][gc,phases     ] GC(12)   Post Evacuate Collection Set: 0.6ms
[2022-06-20T06:31:48.636+0000][gc,phases     ] GC(12)   Other: 0.6ms
[2022-06-20T06:31:48.636+0000][gc,heap       ] GC(12) Eden regions: 87->0(127)
[2022-06-20T06:31:48.636+0000][gc,heap       ] GC(12) Survivor regions: 4->4(12)
[2022-06-20T06:31:48.636+0000][gc,heap       ] GC(12) Old regions: 14->14
[2022-06-20T06:31:48.636+0000][gc,heap       ] GC(12) Humongous regions: 129->129
[2022-06-20T06:31:48.636+0000][gc,metaspace  ] GC(12) Metaspace: 47566K->47566K(1091584K)
[2022-06-20T06:31:48.636+0000][gc            ] GC(12) Pause Young (Normal) (G1 Evacuation Pause) 233M->145M(1024M) 3.739ms
[2022-06-20T06:31:48.636+0000][gc,cpu        ] GC(12) User=0.01s Sys=0.01s Real=0.00s
[2022-06-20T06:37:59.780+0000][gc,heap,exit  ] Heap
[2022-06-20T06:37:59.780+0000][gc,heap,exit  ]  garbage-first heap   total 1048576K, used 182214K [0x00000000c0000000, 0x0000000100000000)
[2022-06-20T06:37:59.780+0000][gc,heap,exit  ]   region size 1024K, 37 young (37888K), 4 survivors (4096K)
[2022-06-20T06:37:59.780+0000][gc,heap,exit  ]  Metaspace       used 48229K, capacity 50465K, committed 50768K, reserved 1093632K
[2022-06-20T06:37:59.780+0000][gc,heap,exit  ]   class space    used 5956K, capacity 6982K, committed 7088K, reserved 1048576K
