[2022-06-17T02:20:25.103+0000][gc,heap] Heap region size: 1M
[2022-06-17T02:20:25.109+0000][gc     ] Using G1
[2022-06-17T02:20:25.109+0000][gc,heap,coops] Heap address: 0x00000000c0000000, size: 1024 MB, Compressed Oops mode: 32-bit
[2022-06-17T02:20:25.898+0000][gc,start     ] GC(0) Pause Young (Concurrent Start) (Metadata GC Threshold)
[2022-06-17T02:20:25.898+0000][gc,task      ] GC(0) Using 6 workers of 6 for evacuation
[2022-06-17T02:20:25.902+0000][gc,phases    ] GC(0)   Pre Evacuate Collection Set: 0.0ms
[2022-06-17T02:20:25.902+0000][gc,phases    ] GC(0)   Evacuate Collection Set: 3.9ms
[2022-06-17T02:20:25.902+0000][gc,phases    ] GC(0)   Post Evacuate Collection Set: 0.3ms
[2022-06-17T02:20:25.903+0000][gc,phases    ] GC(0)   Other: 0.6ms
[2022-06-17T02:20:25.903+0000][gc,heap      ] GC(0) Eden regions: 38->0(44)
[2022-06-17T02:20:25.903+0000][gc,heap      ] GC(0) Survivor regions: 0->7(7)
[2022-06-17T02:20:25.903+0000][gc,heap      ] GC(0) Old regions: 0->0
[2022-06-17T02:20:25.903+0000][gc,heap      ] GC(0) Humongous regions: 0->0
[2022-06-17T02:20:25.903+0000][gc,metaspace ] GC(0) Metaspace: 20718K->20718K(1069056K)
[2022-06-17T02:20:25.903+0000][gc           ] GC(0) Pause Young (Concurrent Start) (Metadata GC Threshold) 38M->6M(1024M) 4.974ms
[2022-06-17T02:20:25.903+0000][gc,cpu       ] GC(0) User=0.02s Sys=0.00s Real=0.00s
[2022-06-17T02:20:25.903+0000][gc           ] GC(1) Concurrent Cycle
[2022-06-17T02:20:25.903+0000][gc,marking   ] GC(1) Concurrent Clear Claimed Marks
[2022-06-17T02:20:25.903+0000][gc,marking   ] GC(1) Concurrent Clear Claimed Marks 0.050ms
[2022-06-17T02:20:25.903+0000][gc,marking   ] GC(1) Concurrent Scan Root Regions
[2022-06-17T02:20:25.904+0000][gc,marking   ] GC(1) Concurrent Scan Root Regions 1.179ms
[2022-06-17T02:20:25.904+0000][gc,marking   ] GC(1) Concurrent Mark (0.804s)
[2022-06-17T02:20:25.904+0000][gc,marking   ] GC(1) Concurrent Mark From Roots
[2022-06-17T02:20:25.904+0000][gc,task      ] GC(1) Using 2 workers of 2 for marking
[2022-06-17T02:20:25.904+0000][gc,marking   ] GC(1) Concurrent Mark From Roots 0.197ms
[2022-06-17T02:20:25.904+0000][gc,marking   ] GC(1) Concurrent Preclean
[2022-06-17T02:20:25.904+0000][gc,marking   ] GC(1) Concurrent Preclean 0.044ms
[2022-06-17T02:20:25.904+0000][gc,marking   ] GC(1) Concurrent Mark (0.804s, 0.804s) 0.298ms
[2022-06-17T02:20:25.904+0000][gc,start     ] GC(1) Pause Remark
[2022-06-17T02:20:25.906+0000][gc,stringtable] GC(1) Cleaned string and symbol table, strings: 7271 processed, 0 removed, symbols: 63200 processed, 41 removed
[2022-06-17T02:20:25.906+0000][gc            ] GC(1) Pause Remark 6M->6M(1024M) 1.408ms
[2022-06-17T02:20:25.906+0000][gc,cpu        ] GC(1) User=0.01s Sys=0.00s Real=0.00s
[2022-06-17T02:20:25.906+0000][gc,marking    ] GC(1) Concurrent Rebuild Remembered Sets
[2022-06-17T02:20:25.906+0000][gc,marking    ] GC(1) Concurrent Rebuild Remembered Sets 0.100ms
[2022-06-17T02:20:25.906+0000][gc,start      ] GC(1) Pause Cleanup
[2022-06-17T02:20:25.906+0000][gc            ] GC(1) Pause Cleanup 6M->6M(1024M) 0.131ms
[2022-06-17T02:20:25.906+0000][gc,cpu        ] GC(1) User=0.00s Sys=0.00s Real=0.00s
[2022-06-17T02:20:25.906+0000][gc,marking    ] GC(1) Concurrent Cleanup for Next Mark
[2022-06-17T02:20:25.909+0000][gc,marking    ] GC(1) Concurrent Cleanup for Next Mark 2.459ms
[2022-06-17T02:20:25.909+0000][gc            ] GC(1) Concurrent Cycle 6.138ms
[2022-06-17T02:20:26.401+0000][gc,start      ] GC(2) Pause Young (Normal) (G1 Evacuation Pause)
[2022-06-17T02:20:26.402+0000][gc,task       ] GC(2) Using 6 workers of 6 for evacuation
[2022-06-17T02:20:26.406+0000][gc,phases     ] GC(2)   Pre Evacuate Collection Set: 0.0ms
[2022-06-17T02:20:26.406+0000][gc,phases     ] GC(2)   Evacuate Collection Set: 3.8ms
[2022-06-17T02:20:26.406+0000][gc,phases     ] GC(2)   Post Evacuate Collection Set: 0.3ms
[2022-06-17T02:20:26.406+0000][gc,phases     ] GC(2)   Other: 0.1ms
[2022-06-17T02:20:26.406+0000][gc,heap       ] GC(2) Eden regions: 44->0(48)
[2022-06-17T02:20:26.406+0000][gc,heap       ] GC(2) Survivor regions: 7->3(7)
[2022-06-17T02:20:26.406+0000][gc,heap       ] GC(2) Old regions: 0->7
[2022-06-17T02:20:26.406+0000][gc,heap       ] GC(2) Humongous regions: 129->129
[2022-06-17T02:20:26.406+0000][gc,metaspace  ] GC(2) Metaspace: 31086K->31086K(1077248K)
[2022-06-17T02:20:26.406+0000][gc            ] GC(2) Pause Young (Normal) (G1 Evacuation Pause) 179M->137M(1024M) 4.342ms
[2022-06-17T02:20:26.406+0000][gc,cpu        ] GC(2) User=0.02s Sys=0.01s Real=0.01s
[2022-06-17T02:20:26.656+0000][gc,start      ] GC(3) Pause Young (Concurrent Start) (Metadata GC Threshold)
[2022-06-17T02:20:26.656+0000][gc,task       ] GC(3) Using 6 workers of 6 for evacuation
[2022-06-17T02:20:26.658+0000][gc,phases     ] GC(3)   Pre Evacuate Collection Set: 0.1ms
[2022-06-17T02:20:26.658+0000][gc,phases     ] GC(3)   Evacuate Collection Set: 1.9ms
[2022-06-17T02:20:26.658+0000][gc,phases     ] GC(3)   Post Evacuate Collection Set: 0.3ms
[2022-06-17T02:20:26.658+0000][gc,phases     ] GC(3)   Other: 0.2ms
[2022-06-17T02:20:26.658+0000][gc,heap       ] GC(3) Eden regions: 23->0(46)
[2022-06-17T02:20:26.658+0000][gc,heap       ] GC(3) Survivor regions: 3->5(7)
[2022-06-17T02:20:26.658+0000][gc,heap       ] GC(3) Old regions: 7->7
[2022-06-17T02:20:26.658+0000][gc,heap       ] GC(3) Humongous regions: 129->129
[2022-06-17T02:20:26.658+0000][gc,metaspace  ] GC(3) Metaspace: 34981K->34981K(1081344K)
[2022-06-17T02:20:26.658+0000][gc            ] GC(3) Pause Young (Concurrent Start) (Metadata GC Threshold) 159M->139M(1024M) 2.497ms
[2022-06-17T02:20:26.658+0000][gc,cpu        ] GC(3) User=0.01s Sys=0.00s Real=0.00s
[2022-06-17T02:20:26.658+0000][gc            ] GC(4) Concurrent Cycle
[2022-06-17T02:20:26.658+0000][gc,marking    ] GC(4) Concurrent Clear Claimed Marks
[2022-06-17T02:20:26.658+0000][gc,marking    ] GC(4) Concurrent Clear Claimed Marks 0.024ms
[2022-06-17T02:20:26.658+0000][gc,marking    ] GC(4) Concurrent Scan Root Regions
[2022-06-17T02:20:26.660+0000][gc,marking    ] GC(4) Concurrent Scan Root Regions 1.559ms
[2022-06-17T02:20:26.660+0000][gc,marking    ] GC(4) Concurrent Mark (1.560s)
[2022-06-17T02:20:26.660+0000][gc,marking    ] GC(4) Concurrent Mark From Roots
[2022-06-17T02:20:26.660+0000][gc,task       ] GC(4) Using 2 workers of 2 for marking
[2022-06-17T02:20:26.664+0000][gc,marking    ] GC(4) Concurrent Mark From Roots 3.588ms
[2022-06-17T02:20:26.664+0000][gc,marking    ] GC(4) Concurrent Preclean
[2022-06-17T02:20:26.664+0000][gc,marking    ] GC(4) Concurrent Preclean 0.117ms
[2022-06-17T02:20:26.664+0000][gc,marking    ] GC(4) Concurrent Mark (1.560s, 1.564s) 3.767ms
[2022-06-17T02:20:26.664+0000][gc,start      ] GC(4) Pause Remark
[2022-06-17T02:20:26.666+0000][gc,stringtable] GC(4) Cleaned string and symbol table, strings: 13295 processed, 6 removed, symbols: 98824 processed, 28 removed
[2022-06-17T02:20:26.666+0000][gc            ] GC(4) Pause Remark 140M->140M(1024M) 1.708ms
[2022-06-17T02:20:26.666+0000][gc,cpu        ] GC(4) User=0.00s Sys=0.00s Real=0.00s
[2022-06-17T02:20:26.666+0000][gc,marking    ] GC(4) Concurrent Rebuild Remembered Sets
[2022-06-17T02:20:26.668+0000][gc,marking    ] GC(4) Concurrent Rebuild Remembered Sets 1.763ms
[2022-06-17T02:20:26.668+0000][gc,start      ] GC(4) Pause Cleanup
[2022-06-17T02:20:26.668+0000][gc            ] GC(4) Pause Cleanup 140M->140M(1024M) 0.173ms
[2022-06-17T02:20:26.668+0000][gc,cpu        ] GC(4) User=0.00s Sys=0.00s Real=0.00s
[2022-06-17T02:20:26.668+0000][gc,marking    ] GC(4) Concurrent Cleanup for Next Mark
[2022-06-17T02:20:26.671+0000][gc,marking    ] GC(4) Concurrent Cleanup for Next Mark 3.385ms
[2022-06-17T02:20:26.671+0000][gc            ] GC(4) Concurrent Cycle 13.126ms
[2022-06-17T02:51:15.521+0000][gc,start      ] GC(5) Pause Young (Normal) (G1 Evacuation Pause)
[2022-06-17T02:51:15.521+0000][gc,task       ] GC(5) Using 6 workers of 6 for evacuation
[2022-06-17T02:51:15.525+0000][gc,phases     ] GC(5)   Pre Evacuate Collection Set: 0.0ms
[2022-06-17T02:51:15.525+0000][gc,phases     ] GC(5)   Evacuate Collection Set: 2.6ms
[2022-06-17T02:51:15.525+0000][gc,phases     ] GC(5)   Post Evacuate Collection Set: 0.5ms
[2022-06-17T02:51:15.525+0000][gc,phases     ] GC(5)   Other: 0.2ms
[2022-06-17T02:51:15.525+0000][gc,heap       ] GC(5) Eden regions: 46->0(46)
[2022-06-17T02:51:15.525+0000][gc,heap       ] GC(5) Survivor regions: 5->5(7)
[2022-06-17T02:51:15.525+0000][gc,heap       ] GC(5) Old regions: 7->9
[2022-06-17T02:51:15.525+0000][gc,heap       ] GC(5) Humongous regions: 129->129
[2022-06-17T02:51:15.525+0000][gc,metaspace  ] GC(5) Metaspace: 41899K->41899K(1087488K)
[2022-06-17T02:51:15.525+0000][gc            ] GC(5) Pause Young (Normal) (G1 Evacuation Pause) 185M->141M(1024M) 3.312ms
[2022-06-17T02:51:15.525+0000][gc,cpu        ] GC(5) User=0.02s Sys=0.00s Real=0.01s
[2022-06-17T02:53:45.241+0000][gc,start      ] GC(6) Pause Young (Normal) (G1 Evacuation Pause)
[2022-06-17T02:53:45.241+0000][gc,task       ] GC(6) Using 6 workers of 6 for evacuation
[2022-06-17T02:53:45.245+0000][gc,phases     ] GC(6)   Pre Evacuate Collection Set: 0.0ms
[2022-06-17T02:53:45.245+0000][gc,phases     ] GC(6)   Evacuate Collection Set: 3.2ms
[2022-06-17T02:53:45.245+0000][gc,phases     ] GC(6)   Post Evacuate Collection Set: 0.5ms
[2022-06-17T02:53:45.245+0000][gc,phases     ] GC(6)   Other: 0.2ms
[2022-06-17T02:53:45.245+0000][gc,heap       ] GC(6) Eden regions: 46->0(46)
[2022-06-17T02:53:45.245+0000][gc,heap       ] GC(6) Survivor regions: 5->5(7)
[2022-06-17T02:53:45.245+0000][gc,heap       ] GC(6) Old regions: 9->11
[2022-06-17T02:53:45.245+0000][gc,heap       ] GC(6) Humongous regions: 129->129
[2022-06-17T02:53:45.245+0000][gc,metaspace  ] GC(6) Metaspace: 46586K->46586K(1091584K)
[2022-06-17T02:53:45.245+0000][gc            ] GC(6) Pause Young (Normal) (G1 Evacuation Pause) 187M->143M(1024M) 3.939ms
[2022-06-17T02:53:45.245+0000][gc,cpu        ] GC(6) User=0.02s Sys=0.00s Real=0.01s
[2022-06-17T03:04:56.441+0000][gc,start      ] GC(7) Pause Young (Normal) (G1 Evacuation Pause)
[2022-06-17T03:04:56.441+0000][gc,task       ] GC(7) Using 6 workers of 6 for evacuation
[2022-06-17T03:04:56.445+0000][gc,phases     ] GC(7)   Pre Evacuate Collection Set: 0.0ms
[2022-06-17T03:04:56.445+0000][gc,phases     ] GC(7)   Evacuate Collection Set: 3.0ms
[2022-06-17T03:04:56.445+0000][gc,phases     ] GC(7)   Post Evacuate Collection Set: 0.5ms
[2022-06-17T03:04:56.445+0000][gc,phases     ] GC(7)   Other: 0.2ms
[2022-06-17T03:04:56.445+0000][gc,heap       ] GC(7) Eden regions: 46->0(46)
[2022-06-17T03:04:56.445+0000][gc,heap       ] GC(7) Survivor regions: 5->5(7)
[2022-06-17T03:04:56.445+0000][gc,heap       ] GC(7) Old regions: 11->13
[2022-06-17T03:04:56.445+0000][gc,heap       ] GC(7) Humongous regions: 129->129
[2022-06-17T03:04:56.445+0000][gc,metaspace  ] GC(7) Metaspace: 47117K->47117K(1091584K)
[2022-06-17T03:04:56.445+0000][gc            ] GC(7) Pause Young (Normal) (G1 Evacuation Pause) 189M->145M(1024M) 3.867ms
[2022-06-17T03:04:56.445+0000][gc,cpu        ] GC(7) User=0.02s Sys=0.00s Real=0.01s
[2022-06-17T03:16:56.259+0000][gc,start      ] GC(8) Pause Young (Normal) (G1 Evacuation Pause)
[2022-06-17T03:16:56.259+0000][gc,task       ] GC(8) Using 6 workers of 6 for evacuation
[2022-06-17T03:16:56.262+0000][gc,phases     ] GC(8)   Pre Evacuate Collection Set: 0.0ms
[2022-06-17T03:16:56.262+0000][gc,phases     ] GC(8)   Evacuate Collection Set: 2.1ms
[2022-06-17T03:16:56.262+0000][gc,phases     ] GC(8)   Post Evacuate Collection Set: 0.4ms
[2022-06-17T03:16:56.262+0000][gc,phases     ] GC(8)   Other: 0.2ms
[2022-06-17T03:16:56.262+0000][gc,heap       ] GC(8) Eden regions: 46->0(52)
[2022-06-17T03:16:56.262+0000][gc,heap       ] GC(8) Survivor regions: 5->2(7)
[2022-06-17T03:16:56.262+0000][gc,heap       ] GC(8) Old regions: 13->15
[2022-06-17T03:16:56.262+0000][gc,heap       ] GC(8) Humongous regions: 129->129
[2022-06-17T03:16:56.262+0000][gc,metaspace  ] GC(8) Metaspace: 47234K->47234K(1091584K)
[2022-06-17T03:16:56.262+0000][gc            ] GC(8) Pause Young (Normal) (G1 Evacuation Pause) 191M->145M(1024M) 2.793ms
[2022-06-17T03:16:56.262+0000][gc,cpu        ] GC(8) User=0.01s Sys=0.00s Real=0.00s
