[2022-06-20T23:18:38.415+0000][gc,heap] Heap region size: 1M
[2022-06-20T23:18:38.418+0000][gc     ] Using G1
[2022-06-20T23:18:38.418+0000][gc,heap,coops] Heap address: 0x00000000e0000000, size: 512 MB, Compressed Oops mode: 32-bit
[2022-06-20T23:18:51.367+0000][gc,start     ] GC(0) Pause Young (Normal) (G1 Evacuation Pause)
[2022-06-20T23:18:51.368+0000][gc,task      ] GC(0) Using 6 workers of 6 for evacuation
[2022-06-20T23:18:51.371+0000][gc,phases    ] GC(0)   Pre Evacuate Collection Set: 0.0ms
[2022-06-20T23:18:51.371+0000][gc,phases    ] GC(0)   Evacuate Collection Set: 3.1ms
[2022-06-20T23:18:51.371+0000][gc,phases    ] GC(0)   Post Evacuate Collection Set: 0.3ms
[2022-06-20T23:18:51.371+0000][gc,phases    ] GC(0)   Other: 0.6ms
[2022-06-20T23:18:51.371+0000][gc,heap      ] GC(0) Eden regions: 25->0(21)
[2022-06-20T23:18:51.371+0000][gc,heap      ] GC(0) Survivor regions: 0->4(4)
[2022-06-20T23:18:51.371+0000][gc,heap      ] GC(0) Old regions: 0->2
[2022-06-20T23:18:51.371+0000][gc,heap      ] GC(0) Humongous regions: 0->0
[2022-06-20T23:18:51.371+0000][gc,metaspace ] GC(0) Metaspace: 15581K->15581K(1062912K)
[2022-06-20T23:18:51.372+0000][gc           ] GC(0) Pause Young (Normal) (G1 Evacuation Pause) 25M->5M(512M) 4.091ms
[2022-06-20T23:18:51.372+0000][gc,cpu       ] GC(0) User=0.00s Sys=0.02s Real=0.00s
