[2022-06-20T04:27:07.815+0000][gc,heap] Heap region size: 1M
[2022-06-20T04:27:07.819+0000][gc     ] Using G1
[2022-06-20T04:27:07.819+0000][gc,heap,coops] Heap address: 0x00000000e0000000, size: 512 MB, Compressed Oops mode: 32-bit
[2022-06-20T04:27:20.872+0000][gc,start     ] GC(0) Pause Young (Normal) (G1 Evacuation Pause)
[2022-06-20T04:27:20.872+0000][gc,task      ] GC(0) Using 6 workers of 6 for evacuation
[2022-06-20T04:27:20.876+0000][gc,phases    ] GC(0)   Pre Evacuate Collection Set: 0.1ms
[2022-06-20T04:27:20.876+0000][gc,phases    ] GC(0)   Evacuate Collection Set: 3.6ms
[2022-06-20T04:27:20.876+0000][gc,phases    ] GC(0)   Post Evacuate Collection Set: 0.4ms
[2022-06-20T04:27:20.876+0000][gc,phases    ] GC(0)   Other: 0.6ms
[2022-06-20T04:27:20.876+0000][gc,heap      ] GC(0) Eden regions: 25->0(21)
[2022-06-20T04:27:20.876+0000][gc,heap      ] GC(0) Survivor regions: 0->4(4)
[2022-06-20T04:27:20.876+0000][gc,heap      ] GC(0) Old regions: 0->2
[2022-06-20T04:27:20.876+0000][gc,heap      ] GC(0) Humongous regions: 0->0
[2022-06-20T04:27:20.876+0000][gc,metaspace ] GC(0) Metaspace: 15691K->15691K(1064960K)
[2022-06-20T04:27:20.876+0000][gc           ] GC(0) Pause Young (Normal) (G1 Evacuation Pause) 25M->5M(512M) 4.654ms
[2022-06-20T04:27:20.876+0000][gc,cpu       ] GC(0) User=0.03s Sys=0.00s Real=0.00s
[2022-06-20T06:38:04.487+0000][gc,heap,exit ] Heap
[2022-06-20T06:38:04.487+0000][gc,heap,exit ]  garbage-first heap   total 524288K, used 18067K [0x00000000e0000000, 0x0000000100000000)
[2022-06-20T06:38:04.487+0000][gc,heap,exit ]   region size 1024K, 17 young (17408K), 4 survivors (4096K)
[2022-06-20T06:38:04.487+0000][gc,heap,exit ]  Metaspace       used 16412K, capacity 16731K, committed 17152K, reserved 1064960K
[2022-06-20T06:38:04.487+0000][gc,heap,exit ]   class space    used 1588K, capacity 1720K, committed 1792K, reserved 1048576K
