[2022-06-17T07:20:22.045+0000][gc,heap] Heap region size: 1M
[2022-06-17T07:20:22.049+0000][gc     ] Using G1
[2022-06-17T07:20:22.049+0000][gc,heap,coops] Heap address: 0x00000000e0000000, size: 512 MB, Compressed Oops mode: 32-bit
[2022-06-17T07:20:34.701+0000][gc,start     ] GC(0) Pause Young (Normal) (G1 Evacuation Pause)
[2022-06-17T07:20:34.702+0000][gc,task      ] GC(0) Using 6 workers of 6 for evacuation
[2022-06-17T07:20:34.705+0000][gc,phases    ] GC(0)   Pre Evacuate Collection Set: 0.0ms
[2022-06-17T07:20:34.705+0000][gc,phases    ] GC(0)   Evacuate Collection Set: 2.7ms
[2022-06-17T07:20:34.705+0000][gc,phases    ] GC(0)   Post Evacuate Collection Set: 0.4ms
[2022-06-17T07:20:34.705+0000][gc,phases    ] GC(0)   Other: 0.7ms
[2022-06-17T07:20:34.705+0000][gc,heap      ] GC(0) Eden regions: 25->0(21)
[2022-06-17T07:20:34.705+0000][gc,heap      ] GC(0) Survivor regions: 0->4(4)
[2022-06-17T07:20:34.705+0000][gc,heap      ] GC(0) Old regions: 0->2
[2022-06-17T07:20:34.705+0000][gc,heap      ] GC(0) Humongous regions: 0->0
[2022-06-17T07:20:34.705+0000][gc,metaspace ] GC(0) Metaspace: 15654K->15654K(1064960K)
[2022-06-17T07:20:34.705+0000][gc           ] GC(0) Pause Young (Normal) (G1 Evacuation Pause) 25M->5M(512M) 3.861ms
[2022-06-17T07:20:34.705+0000][gc,cpu       ] GC(0) User=0.01s Sys=0.00s Real=0.01s
[2022-06-17T08:01:42.405+0000][gc,heap,exit ] Heap
[2022-06-17T08:01:42.405+0000][gc,heap,exit ]  garbage-first heap   total 524288K, used 12103K [0x00000000e0000000, 0x0000000100000000)
[2022-06-17T08:01:42.405+0000][gc,heap,exit ]   region size 1024K, 11 young (11264K), 4 survivors (4096K)
[2022-06-17T08:01:42.405+0000][gc,heap,exit ]  Metaspace       used 16379K, capacity 16732K, committed 17152K, reserved 1064960K
[2022-06-17T08:01:42.405+0000][gc,heap,exit ]   class space    used 1588K, capacity 1720K, committed 1792K, reserved 1048576K
